<html>
<body>
<pre>
<h1>µVision Build Log</h1>
<h2>Project:</h2>
D:\Utenti\Marco\Documenti\uVisionPrograms\metrotraincontroller\src\Blinky.uvproj
Project File Date:  02/27/2021

<h2>Output:</h2>
Rebuild target 'STM32F103 Simulator'
assembling startup_stm32f10x_md.s...
compiling system_stm32f10x.c...
compiling Retarget.c...
compiling stm32f10x_it.c...
compiling Blinky.c...
compiling stm32f10x_exti.c...
compiling stm32f10x_gpio.c...
compiling stm32f10x_rcc.c...
compiling stm32f10x_usart.c...
compiling misc.c...
compiling EXTI_pins_configuration.c...
compiling BrakingController.c...
compiling EngineController.c...
compiling LeverController.c...
compiling StopSignalController.c...
compiling EmergencySignalController.c...
compiling CommMessageReceiverController.c...
compiling CommMessageSenderController.c...
compiling RTX_Config.c...
linking...
Program Size: Code=8712 RO-data=308 RW-data=164 ZI-data=4012  
".\Obj\Blinky.axf" - 0 Error(s), 0 Warning(s).
