<html>
<body>
<pre>
<h1>µVision Build Log</h1>
<h2>Project:</h2>
D:\Utenti\Marco\Documenti\uVisionPrograms\metrotraincontroller\Blinky.uvproj
Project File Date:  11/29/2020

<h2>Output:</h2>
Build target 'STM32F103 Simulator'
compiling Blinky.c...
Blinky.c(146): warning:  #223-D: function "receiveData" declared implicitly
Blinky.c(151): error:  #167: argument of type "uint16_t *" is incompatible with parameter of type "const char *restrict"
Blinky.c(133): warning:  #177-D: variable "evt" was declared but never referenced
Blinky.c(193): warning:  #223-D: function "initReceiverController" declared implicitly
compiling CommMessagesReceiverController.c...
CommMessagesReceiverController.c(2): error:  #20: identifier "GPIO_InitTypeDef" is undefined
CommMessagesReceiverController.c(3): error:  #20: identifier "USART_InitTypeDef" is undefined
CommMessagesReceiverController.c(6): warning:  #223-D: function "RCC_APB2PeriphClockCmd" declared implicitly
CommMessagesReceiverController.c(7): error:  #20: identifier "RCC_APB2Periph_USART1" is undefined
CommMessagesReceiverController.c(8): error:  #20: identifier "RCC_APB2Periph_GPIOA" is undefined
CommMessagesReceiverController.c(9): error:  #20: identifier "RCC_APB2Periph_AFIO" is undefined
CommMessagesReceiverController.c(9): error:  #20: identifier "ENABLE" is undefined
CommMessagesReceiverController.c(14): error:  #20: identifier "GPIO_Pin_9" is undefined
CommMessagesReceiverController.c(15): error:  #20: identifier "GPIO_Speed_50MHz" is undefined
CommMessagesReceiverController.c(16): error:  #20: identifier "GPIO_Mode_AF_PP" is undefined
CommMessagesReceiverController.c(17): warning:  #223-D: function "GPIO_Init" declared implicitly
CommMessagesReceiverController.c(17): error:  #20: identifier "GPIOA" is undefined
CommMessagesReceiverController.c(20): error:  #20: identifier "GPIO_Pin_10" is undefined
CommMessagesReceiverController.c(21): error:  #20: identifier "GPIO_Mode_IN_FLOATING" is undefined
CommMessagesReceiverController.c(26): error:  #20: identifier "USART_WordLength_8b" is undefined
CommMessagesReceiverController.c(27): error:  #20: identifier "USART_StopBits_1" is undefined
CommMessagesReceiverController.c(28): error:  #20: identifier "USART_Parity_No" is undefined
CommMessagesReceiverController.c(29): error:  #20: identifier "USART_HardwareFlowControl_None" is undefined
CommMessagesReceiverController.c(30): error:  #20: identifier "USART_Mode_Rx" is undefined
CommMessagesReceiverController.c(30): error:  #20: identifier "USART_Mode_Tx" is undefined
CommMessagesReceiverController.c(32): warning:  #223-D: function "USART_Init" declared implicitly
CommMessagesReceiverController.c(32): error:  #20: identifier "USART1" is undefined
CommMessagesReceiverController.c(35): warning:  #223-D: function "USART_Cmd" declared implicitly
CommMessagesReceiverController.c(39): warning:  #223-D: function "USART_GetFlagStatus" declared implicitly
CommMessagesReceiverController.c(39): error:  #20: identifier "USART1" is undefined
CommMessagesReceiverController.c(39): error:  #20: identifier "USART_FLAG_RXNE" is undefined
CommMessagesReceiverController.c(39): error:  #20: identifier "RESET" is undefined
CommMessagesReceiverController.c(42): warning:  #223-D: function "USART_ReceiveData" declared implicitly
Target not created
Rebuild target 'STM32F103 Simulator'
assembling startup_stm32f10x_md.s...
compiling system_stm32f10x.c...
compiling Retarget.c...
compiling stm32f10x_it.c...
compiling Blinky.c...
Blinky.c(147): warning:  #223-D: function "receiveData" declared implicitly
Blinky.c(134): warning:  #177-D: variable "evt" was declared but never referenced
compiling stm32f10x_exti.c...
compiling stm32f10x_gpio.c...
compiling stm32f10x_rcc.c...
compiling stm32f10x_tim.c...
compiling misc.c...
compiling EXTI_pins_configuration.c...
compiling BrakingController.c...
compiling EngineController.c...
compiling LeverController.c...
compiling StopSignalController.c...
compiling EmergencySignalController.c...
compiling CommMessagesReceiverController.c...
CommMessagesReceiverController.c(2): error:  #20: identifier "GPIO_InitTypeDef" is undefined
CommMessagesReceiverController.c(3): error:  #20: identifier "USART_InitTypeDef" is undefined
CommMessagesReceiverController.c(6): warning:  #223-D: function "RCC_APB2PeriphClockCmd" declared implicitly
CommMessagesReceiverController.c(7): error:  #20: identifier "RCC_APB2Periph_USART1" is undefined
CommMessagesReceiverController.c(8): error:  #20: identifier "RCC_APB2Periph_GPIOA" is undefined
CommMessagesReceiverController.c(9): error:  #20: identifier "RCC_APB2Periph_AFIO" is undefined
CommMessagesReceiverController.c(9): error:  #20: identifier "ENABLE" is undefined
CommMessagesReceiverController.c(14): error:  #20: identifier "GPIO_Pin_9" is undefined
CommMessagesReceiverController.c(15): error:  #20: identifier "GPIO_Speed_50MHz" is undefined
CommMessagesReceiverController.c(16): error:  #20: identifier "GPIO_Mode_AF_PP" is undefined
CommMessagesReceiverController.c(17): warning:  #223-D: function "GPIO_Init" declared implicitly
CommMessagesReceiverController.c(17): error:  #20: identifier "GPIOA" is undefined
CommMessagesReceiverController.c(20): error:  #20: identifier "GPIO_Pin_10" is undefined
CommMessagesReceiverController.c(21): error:  #20: identifier "GPIO_Mode_IN_FLOATING" is undefined
CommMessagesReceiverController.c(26): error:  #20: identifier "USART_WordLength_8b" is undefined
CommMessagesReceiverController.c(27): error:  #20: identifier "USART_StopBits_1" is undefined
CommMessagesReceiverController.c(28): error:  #20: identifier "USART_Parity_No" is undefined
CommMessagesReceiverController.c(29): error:  #20: identifier "USART_HardwareFlowControl_None" is undefined
CommMessagesReceiverController.c(30): error:  #20: identifier "USART_Mode_Rx" is undefined
CommMessagesReceiverController.c(30): error:  #20: identifier "USART_Mode_Tx" is undefined
CommMessagesReceiverController.c(32): warning:  #223-D: function "USART_Init" declared implicitly
CommMessagesReceiverController.c(32): error:  #20: identifier "USART1" is undefined
CommMessagesReceiverController.c(35): warning:  #223-D: function "USART_Cmd" declared implicitly
CommMessagesReceiverController.c(39): warning:  #223-D: function "USART_GetFlagStatus" declared implicitly
CommMessagesReceiverController.c(39): error:  #20: identifier "USART1" is undefined
CommMessagesReceiverController.c(39): error:  #20: identifier "USART_FLAG_RXNE" is undefined
CommMessagesReceiverController.c(39): error:  #20: identifier "RESET" is undefined
CommMessagesReceiverController.c(42): warning:  #223-D: function "USART_ReceiveData" declared implicitly
compiling RTX_Config.c...
Target not created
Build target 'STM32F103 Simulator'
compiling CommMessagesReceiverController.c...
linking...
.\Obj\Blinky.axf: Error: L6218E: Undefined symbol USART_GetFlagStatus (referred from blinky.o).
.\Obj\Blinky.axf: Error: L6218E: Undefined symbol USART_SendData (referred from blinky.o).
.\Obj\Blinky.axf: Error: L6218E: Undefined symbol receiveData (referred from blinky.o).
.\Obj\Blinky.axf: Error: L6218E: Undefined symbol USART_Cmd (referred from commmessagesreceivercontroller.o).
.\Obj\Blinky.axf: Error: L6218E: Undefined symbol USART_Init (referred from commmessagesreceivercontroller.o).
.\Obj\Blinky.axf: Error: L6218E: Undefined symbol USART_ReceiveData (referred from commmessagesreceivercontroller.o).
Target not created
Rebuild target 'STM32F103 Simulator'
assembling startup_stm32f10x_md.s...
compiling system_stm32f10x.c...
compiling Retarget.c...
compiling stm32f10x_it.c...
compiling Blinky.c...
Blinky.c(148): warning:  #223-D: function "receiveData" declared implicitly
Blinky.c(135): warning:  #177-D: variable "evt" was declared but never referenced
compiling stm32f10x_exti.c...
compiling stm32f10x_gpio.c...
compiling stm32f10x_rcc.c...
compiling stm32f10x_tim.c...
compiling misc.c...
compiling EXTI_pins_configuration.c...
compiling BrakingController.c...
compiling EngineController.c...
compiling LeverController.c...
compiling StopSignalController.c...
compiling EmergencySignalController.c...
compiling CommMessagesReceiverController.c...
compiling RTX_Config.c...
linking...
.\Obj\Blinky.axf: Error: L6218E: Undefined symbol USART_GetFlagStatus (referred from blinky.o).
.\Obj\Blinky.axf: Error: L6218E: Undefined symbol USART_SendData (referred from blinky.o).
.\Obj\Blinky.axf: Error: L6218E: Undefined symbol receiveData (referred from blinky.o).
.\Obj\Blinky.axf: Error: L6218E: Undefined symbol USART_Cmd (referred from commmessagesreceivercontroller.o).
.\Obj\Blinky.axf: Error: L6218E: Undefined symbol USART_Init (referred from commmessagesreceivercontroller.o).
.\Obj\Blinky.axf: Error: L6218E: Undefined symbol USART_ReceiveData (referred from commmessagesreceivercontroller.o).
Target not created
Build target 'STM32F103 Simulator'
compiling Blinky.c...
linking...
.\Obj\Blinky.axf: Error: L6218E: Undefined symbol USART_GetFlagStatus (referred from blinky.o).
.\Obj\Blinky.axf: Error: L6218E: Undefined symbol USART_SendData (referred from blinky.o).
.\Obj\Blinky.axf: Error: L6218E: Undefined symbol USART_Cmd (referred from commmessagesreceivercontroller.o).
.\Obj\Blinky.axf: Error: L6218E: Undefined symbol USART_Init (referred from commmessagesreceivercontroller.o).
.\Obj\Blinky.axf: Error: L6218E: Undefined symbol USART_ReceiveData (referred from commmessagesreceivercontroller.o).
Target not created
Rebuild target 'STM32F103 Simulator'
assembling startup_stm32f10x_md.s...
compiling system_stm32f10x.c...
compiling Retarget.c...
compiling stm32f10x_it.c...
compiling Blinky.c...
Blinky.c(138): warning:  #177-D: variable "i" was declared but never referenced
compiling stm32f10x_exti.c...
compiling stm32f10x_gpio.c...
compiling stm32f10x_rcc.c...
compiling stm32f10x_tim.c...
compiling misc.c...
compiling EXTI_pins_configuration.c...
compiling BrakingController.c...
compiling EngineController.c...
compiling LeverController.c...
compiling StopSignalController.c...
compiling EmergencySignalController.c...
compiling CommMessagesReceiverController.c...
compiling RTX_Config.c...
linking...
.\Obj\Blinky.axf: Error: L6218E: Undefined symbol USART_Cmd (referred from commmessagesreceivercontroller.o).
.\Obj\Blinky.axf: Error: L6218E: Undefined symbol USART_GetFlagStatus (referred from commmessagesreceivercontroller.o).
.\Obj\Blinky.axf: Error: L6218E: Undefined symbol USART_Init (referred from commmessagesreceivercontroller.o).
.\Obj\Blinky.axf: Error: L6218E: Undefined symbol USART_ReceiveData (referred from commmessagesreceivercontroller.o).
Target not created
Build target 'STM32F103 Simulator'
linking...
.\Obj\Blinky.axf: Error: L6218E: Undefined symbol USART_Cmd (referred from commmessagesreceivercontroller.o).
.\Obj\Blinky.axf: Error: L6218E: Undefined symbol USART_GetFlagStatus (referred from commmessagesreceivercontroller.o).
.\Obj\Blinky.axf: Error: L6218E: Undefined symbol USART_Init (referred from commmessagesreceivercontroller.o).
.\Obj\Blinky.axf: Error: L6218E: Undefined symbol USART_ReceiveData (referred from commmessagesreceivercontroller.o).
Target not created
Build target 'STM32F103 Simulator'
compiling stm32f10x_usart.c...
linking...
Program Size: Code=8744 RO-data=308 RW-data=180 ZI-data=4012  
".\Obj\Blinky.axf" - 0 Error(s), 0 Warning(s).
Rebuild target 'STM32F103 Simulator'
assembling startup_stm32f10x_md.s...
compiling system_stm32f10x.c...
compiling Retarget.c...
compiling stm32f10x_it.c...
compiling Blinky.c...
Blinky.c(131): warning:  #177-D: variable "i" was declared but never referenced
compiling stm32f10x_exti.c...
compiling stm32f10x_gpio.c...
compiling stm32f10x_rcc.c...
compiling stm32f10x_tim.c...
compiling misc.c...
compiling EXTI_pins_configuration.c...
compiling BrakingController.c...
compiling EngineController.c...
compiling LeverController.c...
compiling StopSignalController.c...
compiling EmergencySignalController.c...
compiling CommMessagesReceiverController.c...
compiling stm32f10x_usart.c...
compiling RTX_Config.c...
linking...
Program Size: Code=8536 RO-data=308 RW-data=172 ZI-data=4012  
".\Obj\Blinky.axf" - 0 Error(s), 1 Warning(s).
Build target 'STM32F103 Simulator'
compiling Blinky.c...
Blinky.c(131): warning:  #177-D: variable "i" was declared but never referenced
linking...
Program Size: Code=8512 RO-data=308 RW-data=172 ZI-data=4012  
".\Obj\Blinky.axf" - 0 Error(s), 1 Warning(s).
Build target 'STM32F103 Simulator'
compiling stm32f10x_it.c...
stm32f10x_it.c(19): error:  #20: identifier "COMM_MESSAGE_EVENT_ID" is undefined
stm32f10x_it.c(19): error:  #20: identifier "T4id" is undefined
compiling Blinky.c...
Blinky.c(17): error:  #5: cannot open source input file "CommMessagesReceiverController.h": No such file or directory
Target not created
Build target 'STM32F103 Simulator'
compiling stm32f10x_it.c...
compiling Blinky.c...
Blinky.c(17): error:  #5: cannot open source input file "CommMessagesReceiverController.h": No such file or directory
compiling Serial.c...
Target not created
Build target 'STM32F103 Simulator'
compiling Blinky.c...
Blinky.c(131): error:  #268: declaration may not appear after executable statement in block
Blinky.c(132): error:  #167: argument of type "char" is incompatible with parameter of type "const char *restrict"
Blinky.c(160): warning:  #223-D: function "SER_init" declared implicitly
Target not created
Build target 'STM32F103 Simulator'
compiling Blinky.c...
Blinky.c(161): warning:  #223-D: function "SER_init" declared implicitly
linking...
.\Obj\Blinky.axf: Error: L6218E: Undefined symbol SER_init (referred from blinky.o).
Target not created
Build target 'STM32F103 Simulator'
compiling Blinky.c...
Blinky.c(162): warning:  #223-D: function "SER_init" declared implicitly
linking...
.\Obj\Blinky.axf: Error: L6218E: Undefined symbol SER_init (referred from blinky.o).
Target not created
Rebuild target 'STM32F103 Simulator'
assembling startup_stm32f10x_md.s...
compiling system_stm32f10x.c...
compiling Retarget.c...
compiling stm32f10x_it.c...
compiling Blinky.c...
Blinky.c(162): warning:  #223-D: function "SER_init" declared implicitly
compiling stm32f10x_exti.c...
compiling stm32f10x_gpio.c...
compiling stm32f10x_rcc.c...
compiling stm32f10x_tim.c...
compiling misc.c...
compiling EXTI_pins_configuration.c...
compiling BrakingController.c...
compiling EngineController.c...
compiling LeverController.c...
compiling StopSignalController.c...
compiling EmergencySignalController.c...
compiling stm32f10x_usart.c...
compiling Serial.c...
compiling RTX_Config.c...
linking...
.\Obj\Blinky.axf: Error: L6218E: Undefined symbol SER_init (referred from blinky.o).
Target not created
Build target 'STM32F103 Simulator'
compiling Blinky.c...
linking...
Program Size: Code=8552 RO-data=308 RW-data=168 ZI-data=4008  
".\Obj\Blinky.axf" - 0 Error(s), 0 Warning(s).
Build target 'STM32F103 Simulator'
compiling Blinky.c...
linking...
Program Size: Code=8576 RO-data=308 RW-data=168 ZI-data=4008  
".\Obj\Blinky.axf" - 0 Error(s), 0 Warning(s).
Build target 'STM32F103 Simulator'
compiling stm32f10x_it.c...
linking...
Program Size: Code=8576 RO-data=308 RW-data=168 ZI-data=4008  
".\Obj\Blinky.axf" - 0 Error(s), 0 Warning(s).
Build target 'STM32F103 Simulator'
compiling stm32f10x_it.c...
compiling Blinky.c...
Blinky.c(128): warning:  #177-D: variable "c" was declared but never referenced
linking...
Program Size: Code=8576 RO-data=308 RW-data=168 ZI-data=4008  
".\Obj\Blinky.axf" - 0 Error(s), 1 Warning(s).
Build target 'STM32F103 Simulator'
compiling stm32f10x_it.c...
linking...
Program Size: Code=8576 RO-data=308 RW-data=168 ZI-data=4008  
".\Obj\Blinky.axf" - 0 Error(s), 0 Warning(s).
Build target 'STM32F103 Simulator'
compiling stm32f10x_it.c...
linking...
Program Size: Code=8636 RO-data=308 RW-data=168 ZI-data=4008  
".\Obj\Blinky.axf" - 0 Error(s), 0 Warning(s).
Build target 'STM32F103 Simulator'
compiling stm32f10x_it.c...
compiling Blinky.c...
Blinky.c(128): warning:  #177-D: variable "c" was declared but never referenced
linking...
Program Size: Code=8636 RO-data=308 RW-data=168 ZI-data=4008  
".\Obj\Blinky.axf" - 0 Error(s), 1 Warning(s).
Build target 'STM32F103 Simulator'
compiling Blinky.c...
linking...
Program Size: Code=8636 RO-data=308 RW-data=168 ZI-data=4008  
".\Obj\Blinky.axf" - 0 Error(s), 0 Warning(s).
Build target 'STM32F103 Simulator'
compiling Serial.c...
linking...
Program Size: Code=8636 RO-data=308 RW-data=168 ZI-data=4008  
".\Obj\Blinky.axf" - 0 Error(s), 0 Warning(s).
Build target 'STM32F103 Simulator'
linking...
Program Size: Code=8636 RO-data=308 RW-data=168 ZI-data=4008  
".\Obj\Blinky.axf" - 0 Error(s), 0 Warning(s).
Build target 'STM32F103 Simulator'
compiling Blinky.c...
linking...
Program Size: Code=8636 RO-data=308 RW-data=168 ZI-data=4008  
".\Obj\Blinky.axf" - 0 Error(s), 0 Warning(s).
Build target 'STM32F103 Simulator'
compiling Blinky.c...
linking...
Program Size: Code=8752 RO-data=308 RW-data=168 ZI-data=4008  
".\Obj\Blinky.axf" - 0 Error(s), 0 Warning(s).
Build target 'STM32F103 Simulator'
compiling Blinky.c...
compiling Serial.c...
linking...
Program Size: Code=8672 RO-data=308 RW-data=168 ZI-data=4008  
".\Obj\Blinky.axf" - 0 Error(s), 0 Warning(s).
Build target 'STM32F103 Simulator'
compiling Blinky.c...
linking...
Program Size: Code=8676 RO-data=308 RW-data=168 ZI-data=4008  
".\Obj\Blinky.axf" - 0 Error(s), 0 Warning(s).
Build target 'STM32F103 Simulator'
linking...
Program Size: Code=8676 RO-data=308 RW-data=168 ZI-data=4008  
".\Obj\Blinky.axf" - 0 Error(s), 0 Warning(s).
Build target 'STM32F103 Simulator'
compiling stm32f10x_it.c...
compiling Blinky.c...
linking...
Program Size: Code=8680 RO-data=308 RW-data=168 ZI-data=4008  
".\Obj\Blinky.axf" - 0 Error(s), 0 Warning(s).
Build target 'STM32F103 Simulator'
compiling stm32f10x_it.c...
stm32f10x_it.c(23): error:  #20: identifier "c" is undefined
compiling Blinky.c...
Target not created
Build target 'STM32F103 Simulator'
compiling stm32f10x_it.c...
linking...
Program Size: Code=8676 RO-data=308 RW-data=168 ZI-data=4008  
".\Obj\Blinky.axf" - 0 Error(s), 0 Warning(s).
Build target 'STM32F103 Simulator'
compiling stm32f10x_it.c...
compiling Blinky.c...
linking...
Program Size: Code=8708 RO-data=308 RW-data=168 ZI-data=4008  
".\Obj\Blinky.axf" - 0 Error(s), 0 Warning(s).
Build target 'STM32F103 Simulator'
compiling stm32f10x_it.c...
compiling Blinky.c...
Blinky.c(17): error:  #5: cannot open source input file "CommMessagesReceiverController.h": No such file or directory
compiling CommMessageReceiverController.c...
compiling CommMessageSenderController.c...
Target not created
Build target 'STM32F103 Simulator'
compiling Blinky.c...
Blinky.c(129): warning:  #177-D: variable "c" was declared but never referenced
Blinky.c(164): warning:  #223-D: function "initCommMessagesReceiverController" declared implicitly
linking...
.\Obj\Blinky.axf: Error: L6218E: Undefined symbol initCommMessagesReceiverController (referred from blinky.o).
Target not created
Build target 'STM32F103 Simulator'
compiling Blinky.c...
linking...
Program Size: Code=8628 RO-data=308 RW-data=172 ZI-data=4012  
".\Obj\Blinky.axf" - 0 Error(s), 0 Warning(s).
Build target 'STM32F103 Simulator'
compiling stm32f10x_it.c...
CommMessageReceiverController.h(3): warning:  #1-D: last line of file ends without a newline
stm32f10x_it.c(21): warning:  #177-D: variable "c" was declared but never referenced
stm32f10x_it.c(31): error:  #169: expected a declaration
stm32f10x_it.c(34): warning: At end of source:  #12-D: parsing restarts here after previous syntax error
compiling Blinky.c...
CommMessageReceiverController.h(3): warning:  #1-D: last line of file ends without a newline
compiling CommMessageReceiverController.c...
CommMessageReceiverController.h(3): warning:  #1-D: last line of file ends without a newline
Target not created
Build target 'STM32F103 Simulator'
compiling stm32f10x_it.c...
compiling Blinky.c...
compiling CommMessageReceiverController.c...
linking...
Program Size: Code=8656 RO-data=308 RW-data=172 ZI-data=4012  
".\Obj\Blinky.axf" - 0 Error(s), 0 Warning(s).
Build target 'STM32F103 Simulator'
compiling stm32f10x_it.c...
compiling Blinky.c...
compiling CommMessageReceiverController.c...
compiling CommMessageSenderController.c...
CommMessageSenderController.c(28): warning:  #940-D: missing return statement at end of non-void function "checkAvailableDataToSend"
CommMessageSenderController.c(32): warning:  #940-D: missing return statement at end of non-void function "sendData"
linking...
Program Size: Code=8616 RO-data=308 RW-data=172 ZI-data=4012  
".\Obj\Blinky.axf" - 0 Error(s), 2 Warning(s).
Build target 'STM32F103 Simulator'
compiling CommMessageSenderController.c...
linking...
Program Size: Code=8616 RO-data=308 RW-data=172 ZI-data=4012  
".\Obj\Blinky.axf" - 0 Error(s), 0 Warning(s).
Build target 'STM32F103 Simulator'
compiling CommMessageReceiverController.c...
linking...
Program Size: Code=8656 RO-data=308 RW-data=172 ZI-data=4012  
".\Obj\Blinky.axf" - 0 Error(s), 0 Warning(s).
Build target 'STM32F103 Simulator'
compiling CommMessageReceiverController.c...
linking...
Program Size: Code=8628 RO-data=308 RW-data=172 ZI-data=4012  
".\Obj\Blinky.axf" - 0 Error(s), 0 Warning(s).
Build target 'STM32F103 Simulator'
compiling CommMessageReceiverController.c...
linking...
Program Size: Code=8636 RO-data=308 RW-data=172 ZI-data=4012  
".\Obj\Blinky.axf" - 0 Error(s), 0 Warning(s).
Build target 'STM32F103 Simulator'
compiling stm32f10x_it.c...
compiling Blinky.c...
compiling CommMessageReceiverController.c...
compiling CommMessageSenderController.c...
CommMessageSenderController.c(9): error:  #165: too few arguments in function call
CommMessageSenderController.c(38): error:  #147: declaration is incompatible with "char sendData(void)" (declared at line 2 of "CommMessageSenderController.h")
Target not created
Build target 'STM32F103 Simulator'
compiling CommMessageSenderController.c...
CommMessageSenderController.c(9): error:  #165: too few arguments in function call
Target not created
Build target 'STM32F103 Simulator'
compiling CommMessageSenderController.c...
linking...
Program Size: Code=8636 RO-data=308 RW-data=172 ZI-data=4012  
".\Obj\Blinky.axf" - 0 Error(s), 0 Warning(s).
Build target 'STM32F103 Simulator'
compiling CommMessageSenderController.c...
CommMessageSenderController.c(13): warning:  #223-D: function "RCC_AHB1PeriphClockCmd" declared implicitly
CommMessageSenderController.c(13): error:  #20: identifier "RCC_AHB1Periph_GPIOA" is undefined
CommMessageSenderController.c(13): error:  #20: identifier "RCC_AHB1Periph_AFIO" is undefined
Target not created
Build target 'STM32F103 Simulator'
compiling CommMessageSenderController.c...
linking...
Program Size: Code=8636 RO-data=308 RW-data=172 ZI-data=4012  
".\Obj\Blinky.axf" - 0 Error(s), 0 Warning(s).
Build target 'STM32F103 Simulator'
compiling CommMessageSenderController.c...
linking...
Program Size: Code=8636 RO-data=308 RW-data=172 ZI-data=4012  
".\Obj\Blinky.axf" - 0 Error(s), 0 Warning(s).
Build target 'STM32F103 Simulator'
linking...
Program Size: Code=8636 RO-data=308 RW-data=172 ZI-data=4012  
".\Obj\Blinky.axf" - 0 Error(s), 0 Warning(s).
Build target 'STM32F103 Simulator'
compiling Blinky.c...
linking...
Program Size: Code=8792 RO-data=308 RW-data=172 ZI-data=4012  
".\Obj\Blinky.axf" - 0 Error(s), 0 Warning(s).
Build target 'STM32F103 Simulator'
compiling Blinky.c...
compiling CommMessageSenderController.c...
linking...
Program Size: Code=8792 RO-data=308 RW-data=172 ZI-data=4012  
".\Obj\Blinky.axf" - 0 Error(s), 0 Warning(s).
Build target 'STM32F103 Simulator'
compiling Blinky.c...
linking...
Program Size: Code=8792 RO-data=308 RW-data=172 ZI-data=4012  
".\Obj\Blinky.axf" - 0 Error(s), 0 Warning(s).
