<html>
<body>
<pre>
<h1>µVision Build Log</h1>
<h2>Project:</h2>
D:\Utenti\Marco\Documenti\uVisionPrograms\metrotraincontroller\Blinky.uvproj
Project File Date:  11/22/2020

<h2>Output:</h2>
Build target 'STM32F103 Simulator'
compiling Blinky.c...
linking...
Program Size: Code=6104 RO-data=308 RW-data=208 ZI-data=4008  
".\Obj\Blinky.axf" - 0 Error(s), 0 Warning(s).
Build target 'STM32F103 Simulator'
compiling Blinky.c...
linking...
Program Size: Code=6104 RO-data=308 RW-data=208 ZI-data=4008  
".\Obj\Blinky.axf" - 0 Error(s), 0 Warning(s).
Build target 'STM32F103 Simulator'
compiling stm32f10x_it.c...
compiling Blinky.c...
compiling EXTI_pins_configuration.c...
linking...
Program Size: Code=6156 RO-data=308 RW-data=208 ZI-data=4008  
".\Obj\Blinky.axf" - 0 Error(s), 0 Warning(s).
Build target 'STM32F103 Simulator'
compiling stm32f10x_it.c...
compiling Blinky.c...
linking...
Program Size: Code=6176 RO-data=308 RW-data=212 ZI-data=4012  
".\Obj\Blinky.axf" - 0 Error(s), 0 Warning(s).
Build target 'STM32F103 Simulator'
compiling stm32f10x_it.c...
compiling Blinky.c...
compiling EXTI_pins_configuration.c...
linking...
Program Size: Code=6200 RO-data=308 RW-data=212 ZI-data=4012  
".\Obj\Blinky.axf" - 0 Error(s), 0 Warning(s).
Build target 'STM32F103 Simulator'
compiling stm32f10x_it.c...
linking...
Program Size: Code=6224 RO-data=308 RW-data=212 ZI-data=4012  
".\Obj\Blinky.axf" - 0 Error(s), 0 Warning(s).
Build target 'STM32F103 Simulator'
compiling stm32f10x_it.c...
linking...
Program Size: Code=6232 RO-data=308 RW-data=212 ZI-data=4012  
".\Obj\Blinky.axf" - 0 Error(s), 0 Warning(s).
Build target 'STM32F103 Simulator'
compiling stm32f10x_it.c...
compiling Blinky.c...
linking...
Program Size: Code=6232 RO-data=308 RW-data=212 ZI-data=4012  
".\Obj\Blinky.axf" - 0 Error(s), 0 Warning(s).
Build target 'STM32F103 Simulator'
compiling stm32f10x_it.c...
compiling Blinky.c...
compiling EXTI_pins_configuration.c...
linking...
Program Size: Code=6296 RO-data=308 RW-data=212 ZI-data=4012  
".\Obj\Blinky.axf" - 0 Error(s), 0 Warning(s).
Build target 'STM32F103 Simulator'
compiling Blinky.c...
linking...
.\Obj\Blinky.axf: Error: L6218E: Undefined symbol IDLE (referred from stm32f10x_it.o).
.\Obj\Blinky.axf: Error: L6218E: Undefined symbol T1 (referred from stm32f10x_it.o).
Target not created
Build target 'STM32F103 Simulator'
compiling Blinky.c...
linking...
Program Size: Code=6296 RO-data=308 RW-data=212 ZI-data=4012  
".\Obj\Blinky.axf" - 0 Error(s), 0 Warning(s).
Rebuild target 'STM32F103 Simulator'
assembling startup_stm32f10x_md.s...
compiling system_stm32f10x.c...
compiling Retarget.c...
compiling stm32f10x_it.c...
compiling Blinky.c...
compiling stm32f10x_exti.c...
compiling stm32f10x_gpio.c...
compiling stm32f10x_rcc.c...
compiling stm32f10x_tim.c...
compiling misc.c...
compiling EXTI_pins_configuration.c...
compiling RTX_Config.c...
linking...
Program Size: Code=6296 RO-data=308 RW-data=212 ZI-data=4012  
".\Obj\Blinky.axf" - 0 Error(s), 0 Warning(s).
Build target 'STM32F103 Simulator'
compiling stm32f10x_it.c...
compiling EXTI_pins_configuration.c...
linking...
Program Size: Code=6296 RO-data=308 RW-data=212 ZI-data=4012  
".\Obj\Blinky.axf" - 0 Error(s), 0 Warning(s).
Build target 'STM32F103 Simulator'
compiling Blinky.c...
linking...
Program Size: Code=6300 RO-data=308 RW-data=212 ZI-data=4012  
".\Obj\Blinky.axf" - 0 Error(s), 0 Warning(s).
Build target 'STM32F103 Simulator'
compiling stm32f10x_it.c...
compiling Blinky.c...
Blinky.c(64): error:  #2706: case label value has already appeared in this switch at line 55
compiling EXTI_pins_configuration.c...
Target not created
Build target 'STM32F103 Simulator'
compiling Blinky.c...
linking...
Program Size: Code=6584 RO-data=308 RW-data=212 ZI-data=4012  
".\Obj\Blinky.axf" - 0 Error(s), 0 Warning(s).
