ARM Linker, 5.02 [Build 28] [MDK-ARM Lite]

==============================================================================

Section Cross References

    startup_stm32f10x_md.o(RESET) refers to startup_stm32f10x_md.o(STACK) for __initial_sp
    startup_stm32f10x_md.o(RESET) refers to startup_stm32f10x_md.o(.text) for Reset_Handler
    startup_stm32f10x_md.o(RESET) refers to hal_cm3.o(.emb_text) for SVC_Handler
    startup_stm32f10x_md.o(RESET) refers to stm32f10x_it.o(.text) for EXTI0_IRQHandler
    startup_stm32f10x_md.o(.text) refers to system_stm32f10x.o(.text) for SystemInit
    startup_stm32f10x_md.o(.text) refers to entry.o(.ARM.Collect$$$$00000000) for __main
    system_stm32f10x.o(.text) refers to system_stm32f10x.o(.data) for SystemCoreClock
    stm32f10x_it.o(.text) refers to stm32f10x_exti.o(.text) for EXTI_ClearFlag
    stm32f10x_it.o(.text) refers to rt_event.o(i.isr_evt_set) for isr_evt_set
    stm32f10x_it.o(.text) refers to commmessagereceivercontroller.o(.text) for checkAvailableDataToReceive
    stm32f10x_it.o(.text) refers to stm32f10x_usart.o(.text) for USART_GetITStatus
    stm32f10x_it.o(.text) refers to blinky.o(.data) for EMERGENCY_BRAKING_EVENT_ID
    blinky.o(.text) refers to levercontroller.o(.text) for getLeverCurrentPosition
    blinky.o(.text) refers to enginecontroller.o(.text) for disableEngine
    blinky.o(.text) refers to brakingcontroller.o(.text) for enableMaxBrakingPower
    blinky.o(.text) refers to stopsignalcontroller.o(.text) for isStopSignalEnabled
    blinky.o(.text) refers to commmessagesendercontroller.o(.text) for sendData
    blinky.o(.text) refers to emergencysignalcontroller.o(.text) for initEmergencySignalController
    blinky.o(.text) refers to commmessagereceivercontroller.o(.text) for initCommMessageReceiverController
    blinky.o(.text) refers to hal_cm3.o(.emb_text) for os_set_env
    blinky.o(.text) refers to rt_time.o(i.rt_itv_set) for rt_itv_set
    blinky.o(.text) refers to rt_time.o(i.rt_itv_wait) for rt_itv_wait
    blinky.o(.text) refers to blinky.o(.data) for T1
    blinky.o(.text) refers to rt_time.o(i.rt_time_get) for rt_time_get
    blinky.o(.text) refers to rt_event.o(i.rt_evt_wait) for rt_evt_wait
    blinky.o(.text) refers to rt_task.o(i.rt_tsk_create) for rt_tsk_create
    blinky.o(.text) refers to rt_task.o(i.rt_tsk_delete) for rt_tsk_delete
    blinky.o(.text) refers to rt_task.o(i.rt_sys_init) for rt_sys_init
    stm32f10x_gpio.o(.text) refers to stm32f10x_rcc.o(.text) for RCC_APB2PeriphResetCmd
    stm32f10x_rcc.o(.text) refers to stm32f10x_rcc.o(.data) for APBAHBPrescTable
    stm32f10x_usart.o(.text) refers to stm32f10x_rcc.o(.text) for RCC_APB2PeriphResetCmd
    exti_pins_configuration.o(.text) refers to stm32f10x_rcc.o(.text) for RCC_APB1PeriphClockCmd
    exti_pins_configuration.o(.text) refers to stm32f10x_gpio.o(.text) for GPIO_Init
    exti_pins_configuration.o(.text) refers to stm32f10x_exti.o(.text) for EXTI_Init
    exti_pins_configuration.o(.text) refers to misc.o(.text) for NVIC_Init
    exti_pins_configuration.o(.text) refers to exti_pins_configuration.o(.data) for EXTI_pins_info_array
    stopsignalcontroller.o(.text) refers to exti_pins_configuration.o(.text) for Configure_EXTI_GPIOB1
    emergencysignalcontroller.o(.text) refers to exti_pins_configuration.o(.text) for Configure_EXTI_GPIOB0
    commmessagereceivercontroller.o(.text) refers to stm32f10x_rcc.o(.text) for RCC_APB2PeriphClockCmd
    commmessagereceivercontroller.o(.text) refers to stm32f10x_gpio.o(.text) for GPIO_Init
    commmessagereceivercontroller.o(.text) refers to stm32f10x_usart.o(.text) for USART_Init
    commmessagereceivercontroller.o(.text) refers to misc.o(.text) for NVIC_Init
    commmessagesendercontroller.o(.text) refers to stm32f10x_rcc.o(.text) for RCC_APB2PeriphClockCmd
    commmessagesendercontroller.o(.text) refers to stm32f10x_gpio.o(.text) for GPIO_Init
    commmessagesendercontroller.o(.text) refers to stm32f10x_usart.o(.text) for USART_Init
    rtx_config.o(.text) refers to blinky.o(.data) for T1
    rt_task.o(i.rt_block) refers to rt_list.o(i.rt_put_dly) for rt_put_dly
    rt_task.o(i.rt_block) refers to rt_list.o(i.rt_get_first) for rt_get_first
    rt_task.o(i.rt_block) refers to rt_task.o(i.rt_switch_req) for rt_switch_req
    rt_task.o(i.rt_block) refers to rt_task.o(.data) for .data
    rt_task.o(i.rt_block) refers to rt_list.o(.bss) for os_rdy
    rt_task.o(i.rt_dispatch) refers to rt_list.o(i.rt_put_rdy_first) for rt_put_rdy_first
    rt_task.o(i.rt_dispatch) refers to rt_task.o(i.rt_switch_req) for rt_switch_req
    rt_task.o(i.rt_dispatch) refers to rt_list.o(i.rt_get_first) for rt_get_first
    rt_task.o(i.rt_dispatch) refers to rt_list.o(i.rt_put_prio) for rt_put_prio
    rt_task.o(i.rt_dispatch) refers to rt_task.o(.data) for .data
    rt_task.o(i.rt_dispatch) refers to rt_list.o(.bss) for os_rdy
    rt_task.o(i.rt_init_context) refers to rt_membox.o(i.rt_alloc_box) for rt_alloc_box
    rt_task.o(i.rt_init_context) refers to hal_cm3.o(i.rt_init_stack) for rt_init_stack
    rt_task.o(i.rt_init_context) refers to rtx_config.o(.bss) for mp_stk
    rt_task.o(i.rt_switch_req) refers to hal_cm3.o(i.dbg_task_switch) for dbg_task_switch
    rt_task.o(i.rt_switch_req) refers to rt_task.o(.data) for .data
    rt_task.o(i.rt_switch_req) refers to hal_cm3.o(.data) for dbg_msg
    rt_task.o(i.rt_sys_init) refers to hal_cm3.o(i.dbg_init) for dbg_init
    rt_task.o(i.rt_sys_init) refers to rt_membox.o(i._init_box) for _init_box
    rt_task.o(i.rt_sys_init) refers to rt_task.o(i.rt_init_context) for rt_init_context
    rt_task.o(i.rt_sys_init) refers to hal_cm3.o(.emb_text) for rt_set_PSP
    rt_task.o(i.rt_sys_init) refers to rt_robin.o(i.rt_init_robin) for rt_init_robin
    rt_task.o(i.rt_sys_init) refers to rt_system.o(i.os_tick_init) for os_tick_init
    rt_task.o(i.rt_sys_init) refers to rt_task.o(i.rt_tsk_create) for rt_tsk_create
    rt_task.o(i.rt_sys_init) refers to rtx_config.o(.bss) for os_active_TCB
    rt_task.o(i.rt_sys_init) refers to rtx_config.o(.constdata) for os_maxtaskrun
    rt_task.o(i.rt_sys_init) refers to rtx_config.o(.data) for m_tmr
    rt_task.o(i.rt_sys_init) refers to rt_task.o(.bss) for .bss
    rt_task.o(i.rt_sys_init) refers to rtx_config.o(.text) for os_idle_demon
    rt_task.o(i.rt_sys_init) refers to rt_list.o(.bss) for os_rdy
    rt_task.o(i.rt_sys_init) refers to rt_task.o(.data) for .data
    rt_task.o(i.rt_sys_init) refers to rt_system.o(.data) for os_tick_irqn
    rt_task.o(i.rt_tsk_create) refers to rt_membox.o(i.rt_alloc_box) for rt_alloc_box
    rt_task.o(i.rt_tsk_create) refers to rt_task.o(i.rt_init_context) for rt_init_context
    rt_task.o(i.rt_tsk_create) refers to hal_cm3.o(i.dbg_task_notify) for dbg_task_notify
    rt_task.o(i.rt_tsk_create) refers to rt_task.o(i.rt_dispatch) for rt_dispatch
    rt_task.o(i.rt_tsk_create) refers to rtx_config.o(.bss) for mp_tcb
    rt_task.o(i.rt_tsk_create) refers to rtx_config.o(.constdata) for os_maxtaskrun
    rt_task.o(i.rt_tsk_create) refers to hal_cm3.o(.data) for dbg_msg
    rt_task.o(i.rt_tsk_create) refers to rt_task.o(.data) for .data
    rt_task.o(i.rt_tsk_delete) refers to hal_cm3.o(.emb_text) for rt_get_PSP
    rt_task.o(i.rt_tsk_delete) refers to rt_system.o(i.rt_stk_check) for rt_stk_check
    rt_task.o(i.rt_tsk_delete) refers to rt_membox.o(i.rt_free_box) for rt_free_box
    rt_task.o(i.rt_tsk_delete) refers to hal_cm3.o(i.dbg_task_notify) for dbg_task_notify
    rt_task.o(i.rt_tsk_delete) refers to rt_task.o(i.rt_dispatch) for rt_dispatch
    rt_task.o(i.rt_tsk_delete) refers to rt_list.o(i.rt_rmv_list) for rt_rmv_list
    rt_task.o(i.rt_tsk_delete) refers to rt_list.o(i.rt_rmv_dly) for rt_rmv_dly
    rt_task.o(i.rt_tsk_delete) refers to hal_cm3.o(.data) for dbg_msg
    rt_task.o(i.rt_tsk_delete) refers to rt_task.o(.data) for .data
    rt_task.o(i.rt_tsk_delete) refers to rtx_config.o(.bss) for os_active_TCB
    rt_task.o(i.rt_tsk_delete) refers to rtx_config.o(.constdata) for os_maxtaskrun
    rt_task.o(i.rt_tsk_pass) refers to rt_list.o(i.rt_get_same_rdy_prio) for rt_get_same_rdy_prio
    rt_task.o(i.rt_tsk_pass) refers to rt_list.o(i.rt_put_prio) for rt_put_prio
    rt_task.o(i.rt_tsk_pass) refers to rt_task.o(i.rt_switch_req) for rt_switch_req
    rt_task.o(i.rt_tsk_pass) refers to rt_task.o(.data) for .data
    rt_task.o(i.rt_tsk_pass) refers to rt_list.o(.bss) for os_rdy
    rt_task.o(i.rt_tsk_prio) refers to rt_list.o(i.rt_put_prio) for rt_put_prio
    rt_task.o(i.rt_tsk_prio) refers to rt_list.o(i.rt_resort_prio) for rt_resort_prio
    rt_task.o(i.rt_tsk_prio) refers to rt_list.o(i.rt_get_first) for rt_get_first
    rt_task.o(i.rt_tsk_prio) refers to rt_task.o(i.rt_dispatch) for rt_dispatch
    rt_task.o(i.rt_tsk_prio) refers to rt_task.o(.data) for .data
    rt_task.o(i.rt_tsk_prio) refers to rtx_config.o(.constdata) for os_maxtaskrun
    rt_task.o(i.rt_tsk_prio) refers to rtx_config.o(.bss) for os_active_TCB
    rt_task.o(i.rt_tsk_prio) refers to rt_list.o(.bss) for os_rdy
    rt_task.o(i.rt_tsk_self) refers to rt_task.o(.data) for .data
    rt_event.o(i.isr_evt_set) refers to rt_list.o(i.rt_psq_enq) for rt_psq_enq
    rt_event.o(i.isr_evt_set) refers to rt_system.o(i.rt_psh_req) for rt_psh_req
    rt_event.o(i.isr_evt_set) refers to rtx_config.o(.bss) for os_active_TCB
    rt_event.o(i.rt_evt_clr) refers to rtx_config.o(.bss) for os_active_TCB
    rt_event.o(i.rt_evt_get) refers to rt_task.o(.data) for os_tsk
    rt_event.o(i.rt_evt_psh) refers to rt_list.o(i.rt_rmv_dly) for rt_rmv_dly
    rt_event.o(i.rt_evt_psh) refers to rt_list.o(i.rt_put_prio) for rt_put_prio
    rt_event.o(i.rt_evt_psh) refers to rt_list.o(.bss) for os_rdy
    rt_event.o(i.rt_evt_set) refers to rt_list.o(i.rt_rmv_dly) for rt_rmv_dly
    rt_event.o(i.rt_evt_set) refers to rt_task.o(i.rt_dispatch) for rt_dispatch
    rt_event.o(i.rt_evt_set) refers to rtx_config.o(.bss) for os_active_TCB
    rt_event.o(i.rt_evt_wait) refers to rt_task.o(i.rt_block) for rt_block
    rt_event.o(i.rt_evt_wait) refers to rt_task.o(.data) for os_tsk
    rt_time.o(i.rt_dly_wait) refers to rt_task.o(i.rt_block) for rt_block
    rt_time.o(i.rt_itv_set) refers to rt_task.o(.data) for os_tsk
    rt_time.o(i.rt_itv_set) refers to rt_time.o(.data) for .data
    rt_time.o(i.rt_itv_wait) refers to rt_task.o(i.rt_block) for rt_block
    rt_time.o(i.rt_itv_wait) refers to rt_task.o(.data) for os_tsk
    rt_time.o(i.rt_itv_wait) refers to rt_time.o(.data) for .data
    rt_time.o(i.rt_time_get) refers to rt_time.o(.data) for .data
    hal_cm3.o(.emb_text) refers to rtx_config.o(.constdata) for os_flags
    hal_cm3.o(.emb_text) refers to rt_membox.o(i.rt_alloc_box) for rt_alloc_box
    hal_cm3.o(.emb_text) refers to rt_membox.o(i.rt_free_box) for rt_free_box
    hal_cm3.o(.emb_text) refers to rt_system.o(i.rt_stk_check) for rt_stk_check
    hal_cm3.o(.emb_text) refers to rt_task.o(.data) for os_tsk
    hal_cm3.o(.emb_text) refers to SVC_Table.o(SVC_TABLE) for SVC_Count
    hal_cm3.o(.emb_text) refers to rt_system.o(i.rt_pop_req) for rt_pop_req
    hal_cm3.o(.emb_text) refers to rt_system.o(i.rt_systick) for rt_systick
    hal_cm3.o(.emb_text) refers to rt_system.o(i.os_tick_irqack) for os_tick_irqack
    hal_cm3.o(i.dbg_init) refers to hal_cm3.o(.data) for .data
    hal_cm3.o(i.rt_init_stack) refers to rtx_config.o(.constdata) for os_stackinfo
    rt_system.o(i.os_tick_init) refers to rtx_config.o(.constdata) for os_trv
    rt_system.o(i.rt_pop_req) refers to rt_list.o(i.rt_put_rdy_first) for rt_put_rdy_first
    rt_system.o(i.rt_pop_req) refers to rt_semaphore.o(i.rt_sem_psh) for rt_sem_psh
    rt_system.o(i.rt_pop_req) refers to rt_list.o(i.rt_get_first) for rt_get_first
    rt_system.o(i.rt_pop_req) refers to rt_task.o(i.rt_switch_req) for rt_switch_req
    rt_system.o(i.rt_pop_req) refers to rt_event.o(i.rt_evt_psh) for rt_evt_psh
    rt_system.o(i.rt_pop_req) refers to rt_mailbox.o(i.rt_mbx_psh) for rt_mbx_psh
    rt_system.o(i.rt_pop_req) refers to rt_task.o(.data) for os_tsk
    rt_system.o(i.rt_pop_req) refers to rtx_config.o(.bss) for os_fifo
    rt_system.o(i.rt_pop_req) refers to rt_list.o(.bss) for os_rdy
    rt_system.o(i.rt_psh_req) refers to rt_system.o(.data) for .data
    rt_system.o(i.rt_resume) refers to rt_list.o(i.rt_put_rdy_first) for rt_put_rdy_first
    rt_system.o(i.rt_resume) refers to rt_list.o(i.rt_dec_dly) for rt_dec_dly
    rt_system.o(i.rt_resume) refers to rt_timer.o(i.rt_tmr_tick) for rt_tmr_tick
    rt_system.o(i.rt_resume) refers to rt_list.o(i.rt_get_first) for rt_get_first
    rt_system.o(i.rt_resume) refers to rt_task.o(i.rt_switch_req) for rt_switch_req
    rt_system.o(i.rt_resume) refers to rt_system.o(i.rt_tsk_unlock) for rt_tsk_unlock
    rt_system.o(i.rt_resume) refers to rt_task.o(.data) for os_tsk
    rt_system.o(i.rt_resume) refers to rt_robin.o(.data) for os_robin
    rt_system.o(i.rt_resume) refers to rt_list.o(.bss) for os_dly
    rt_system.o(i.rt_resume) refers to rt_time.o(.data) for os_time
    rt_system.o(i.rt_resume) refers to rt_timer.o(.data) for os_tmr
    rt_system.o(i.rt_stk_check) refers to rtx_config.o(.text) for os_error
    rt_system.o(i.rt_stk_check) refers to rt_task.o(.data) for os_tsk
    rt_system.o(i.rt_suspend) refers to rt_system.o(i.rt_tsk_lock) for rt_tsk_lock
    rt_system.o(i.rt_suspend) refers to rt_list.o(.bss) for os_dly
    rt_system.o(i.rt_suspend) refers to rt_timer.o(.data) for os_tmr
    rt_system.o(i.rt_systick) refers to rt_list.o(i.rt_put_rdy_first) for rt_put_rdy_first
    rt_system.o(i.rt_systick) refers to rt_robin.o(i.rt_chk_robin) for rt_chk_robin
    rt_system.o(i.rt_systick) refers to rt_list.o(i.rt_dec_dly) for rt_dec_dly
    rt_system.o(i.rt_systick) refers to rt_timer.o(i.rt_tmr_tick) for rt_tmr_tick
    rt_system.o(i.rt_systick) refers to rt_list.o(i.rt_get_first) for rt_get_first
    rt_system.o(i.rt_systick) refers to rt_task.o(i.rt_switch_req) for rt_switch_req
    rt_system.o(i.rt_systick) refers to rt_task.o(.data) for os_tsk
    rt_system.o(i.rt_systick) refers to rt_time.o(.data) for os_time
    rt_system.o(i.rt_systick) refers to rt_list.o(.bss) for os_rdy
    rt_system.o(i.rt_tsk_lock) refers to rt_system.o(.data) for .data
    rt_system.o(i.rt_tsk_unlock) refers to rt_system.o(.data) for .data
    rt_list.o(i.rt_dec_dly) refers to rt_list.o(i.rt_put_prio) for rt_put_prio
    rt_list.o(i.rt_dec_dly) refers to rt_list.o(.bss) for .bss
    rt_list.o(i.rt_dec_dly) refers to rt_time.o(.data) for os_time
    rt_list.o(i.rt_get_same_rdy_prio) refers to rt_list.o(.bss) for .bss
    rt_list.o(i.rt_get_same_rdy_prio) refers to rt_task.o(.data) for os_tsk
    rt_list.o(i.rt_psq_enq) refers to rtx_config.o(.text) for os_error
    rt_list.o(i.rt_psq_enq) refers to rtx_config.o(.bss) for os_fifo
    rt_list.o(i.rt_put_dly) refers to rt_list.o(.bss) for .bss
    rt_list.o(i.rt_put_rdy_first) refers to rt_list.o(.bss) for .bss
    rt_list.o(i.rt_resort_prio) refers to rt_list.o(i.rt_rmv_list) for rt_rmv_list
    rt_list.o(i.rt_resort_prio) refers to rt_list.o(i.rt_put_prio) for rt_put_prio
    rt_list.o(i.rt_resort_prio) refers to rt_list.o(.bss) for .bss
    rt_list.o(i.rt_rmv_list) refers to rt_list.o(.bss) for .bss
    rt_robin.o(i.rt_chk_robin) refers to rt_list.o(i.rt_get_first) for rt_get_first
    rt_robin.o(i.rt_chk_robin) refers to rt_list.o(i.rt_put_prio) for rt_put_prio
    rt_robin.o(i.rt_chk_robin) refers to rt_robin.o(.data) for .data
    rt_robin.o(i.rt_chk_robin) refers to rt_list.o(.bss) for os_rdy
    rt_robin.o(i.rt_chk_robin) refers to rt_time.o(.data) for os_time
    rt_robin.o(i.rt_init_robin) refers to rt_robin.o(.data) for .data
    rt_robin.o(i.rt_init_robin) refers to rtx_config.o(.constdata) for os_rrobin
    rt_membox.o(i._calloc_box) refers to hal_cm3.o(.emb_text) for _alloc_box
    rt_mailbox.o(i.isr_mbx_receive) refers to rt_list.o(i.rt_psq_enq) for rt_psq_enq
    rt_mailbox.o(i.isr_mbx_receive) refers to rt_system.o(i.rt_psh_req) for rt_psh_req
    rt_mailbox.o(i.isr_mbx_send) refers to rt_list.o(i.rt_psq_enq) for rt_psq_enq
    rt_mailbox.o(i.isr_mbx_send) refers to rt_system.o(i.rt_psh_req) for rt_psh_req
    rt_mailbox.o(i.rt_mbx_psh) refers to rt_list.o(i.rt_get_first) for rt_get_first
    rt_mailbox.o(i.rt_mbx_psh) refers to rt_list.o(i.rt_rmv_dly) for rt_rmv_dly
    rt_mailbox.o(i.rt_mbx_psh) refers to rt_list.o(i.rt_put_prio) for rt_put_prio
    rt_mailbox.o(i.rt_mbx_psh) refers to rtx_config.o(.text) for os_error
    rt_mailbox.o(i.rt_mbx_psh) refers to rt_list.o(.bss) for os_rdy
    rt_mailbox.o(i.rt_mbx_send) refers to rt_list.o(i.rt_put_prio) for rt_put_prio
    rt_mailbox.o(i.rt_mbx_send) refers to rt_list.o(i.rt_get_first) for rt_get_first
    rt_mailbox.o(i.rt_mbx_send) refers to rt_list.o(i.rt_rmv_dly) for rt_rmv_dly
    rt_mailbox.o(i.rt_mbx_send) refers to rt_task.o(i.rt_dispatch) for rt_dispatch
    rt_mailbox.o(i.rt_mbx_send) refers to rt_task.o(i.rt_block) for rt_block
    rt_mailbox.o(i.rt_mbx_send) refers to rt_task.o(.data) for os_tsk
    rt_mailbox.o(i.rt_mbx_wait) refers to rt_list.o(i.rt_get_first) for rt_get_first
    rt_mailbox.o(i.rt_mbx_wait) refers to rt_list.o(i.rt_rmv_dly) for rt_rmv_dly
    rt_mailbox.o(i.rt_mbx_wait) refers to rt_task.o(i.rt_dispatch) for rt_dispatch
    rt_mailbox.o(i.rt_mbx_wait) refers to rt_list.o(i.rt_put_prio) for rt_put_prio
    rt_mailbox.o(i.rt_mbx_wait) refers to rt_task.o(i.rt_block) for rt_block
    rt_mailbox.o(i.rt_mbx_wait) refers to rt_task.o(.data) for os_tsk
    rt_semaphore.o(i.isr_sem_send) refers to rt_list.o(i.rt_psq_enq) for rt_psq_enq
    rt_semaphore.o(i.isr_sem_send) refers to rt_system.o(i.rt_psh_req) for rt_psh_req
    rt_semaphore.o(i.rt_sem_psh) refers to rt_list.o(i.rt_get_first) for rt_get_first
    rt_semaphore.o(i.rt_sem_psh) refers to rt_list.o(i.rt_rmv_dly) for rt_rmv_dly
    rt_semaphore.o(i.rt_sem_psh) refers to rt_list.o(i.rt_put_prio) for rt_put_prio
    rt_semaphore.o(i.rt_sem_psh) refers to rt_list.o(.bss) for os_rdy
    rt_semaphore.o(i.rt_sem_send) refers to rt_list.o(i.rt_get_first) for rt_get_first
    rt_semaphore.o(i.rt_sem_send) refers to rt_list.o(i.rt_rmv_dly) for rt_rmv_dly
    rt_semaphore.o(i.rt_sem_send) refers to rt_task.o(i.rt_dispatch) for rt_dispatch
    rt_semaphore.o(i.rt_sem_send) refers to rt_task.o(.data) for os_tsk
    rt_semaphore.o(i.rt_sem_wait) refers to rt_list.o(i.rt_put_prio) for rt_put_prio
    rt_semaphore.o(i.rt_sem_wait) refers to rt_task.o(i.rt_block) for rt_block
    rt_semaphore.o(i.rt_sem_wait) refers to rt_task.o(.data) for os_tsk
    rt_timer.o(i.rt_tmr_create) refers to rt_membox.o(i.rt_alloc_box) for rt_alloc_box
    rt_timer.o(i.rt_tmr_create) refers to rtx_config.o(.data) for m_tmr
    rt_timer.o(i.rt_tmr_create) refers to rt_timer.o(.data) for .data
    rt_timer.o(i.rt_tmr_kill) refers to rt_membox.o(i.rt_free_box) for rt_free_box
    rt_timer.o(i.rt_tmr_kill) refers to rt_timer.o(.data) for .data
    rt_timer.o(i.rt_tmr_kill) refers to rtx_config.o(.data) for m_tmr
    rt_timer.o(i.rt_tmr_tick) refers to rtx_config.o(.text) for os_tmr_call
    rt_timer.o(i.rt_tmr_tick) refers to rt_membox.o(i.rt_free_box) for rt_free_box
    rt_timer.o(i.rt_tmr_tick) refers to rt_timer.o(.data) for .data
    rt_timer.o(i.rt_tmr_tick) refers to rtx_config.o(.data) for m_tmr
    entry.o(.ARM.Collect$$$$00000000) refers (Special) to entry7b.o(.ARM.Collect$$$$00000008) for _main_clock
    entry.o(.ARM.Collect$$$$00000000) refers (Special) to entry8.o(.ARM.Collect$$$$00000009) for _main_init
    entry.o(.ARM.Collect$$$$00000000) refers (Special) to entry5.o(.ARM.Collect$$$$00000004) for _main_scatterload
    entry.o(.ARM.Collect$$$$00000000) refers (Special) to entry2.o(.ARM.Collect$$$$00000001) for _main_stk
    entry2.o(.ARM.Collect$$$$00000001) refers to entry2.o(.ARM.Collect$$$$00002712) for __lit__00000000
    entry2.o(.ARM.Collect$$$$00002712) refers to startup_stm32f10x_md.o(STACK) for __initial_sp
    entry2.o(__vectab_stack_and_reset_area) refers to startup_stm32f10x_md.o(STACK) for __initial_sp
    entry2.o(__vectab_stack_and_reset_area) refers to entry.o(.ARM.Collect$$$$00000000) for __main
    entry5.o(.ARM.Collect$$$$00000004) refers to init.o(.text) for __scatterload
    entry8.o(.ARM.Collect$$$$00000009) refers to blinky.o(.text) for main
    init.o(.text) refers to entry5.o(.ARM.Collect$$$$00000004) for __main_after_scatterload


==============================================================================

Removing Unused input sections from the image.

    Removing startup_stm32f10x_md.o(HEAP), (512 bytes).
    Removing system_stm32f10x.o(.rev16_text), (4 bytes).
    Removing system_stm32f10x.o(.revsh_text), (4 bytes).
    Removing retarget.o(.text), (4 bytes).
    Removing stm32f10x_it.o(.rev16_text), (4 bytes).
    Removing stm32f10x_it.o(.revsh_text), (4 bytes).
    Removing blinky.o(.rev16_text), (4 bytes).
    Removing blinky.o(.revsh_text), (4 bytes).
    Removing stm32f10x_exti.o(.rev16_text), (4 bytes).
    Removing stm32f10x_exti.o(.revsh_text), (4 bytes).
    Removing stm32f10x_gpio.o(.rev16_text), (4 bytes).
    Removing stm32f10x_gpio.o(.revsh_text), (4 bytes).
    Removing stm32f10x_rcc.o(.rev16_text), (4 bytes).
    Removing stm32f10x_rcc.o(.revsh_text), (4 bytes).
    Removing stm32f10x_usart.o(.rev16_text), (4 bytes).
    Removing stm32f10x_usart.o(.revsh_text), (4 bytes).
    Removing misc.o(.rev16_text), (4 bytes).
    Removing misc.o(.revsh_text), (4 bytes).
    Removing exti_pins_configuration.o(.rev16_text), (4 bytes).
    Removing exti_pins_configuration.o(.revsh_text), (4 bytes).
    Removing brakingcontroller.o(.rev16_text), (4 bytes).
    Removing brakingcontroller.o(.revsh_text), (4 bytes).
    Removing enginecontroller.o(.rev16_text), (4 bytes).
    Removing enginecontroller.o(.revsh_text), (4 bytes).
    Removing levercontroller.o(.rev16_text), (4 bytes).
    Removing levercontroller.o(.revsh_text), (4 bytes).
    Removing stopsignalcontroller.o(.rev16_text), (4 bytes).
    Removing stopsignalcontroller.o(.revsh_text), (4 bytes).
    Removing emergencysignalcontroller.o(.rev16_text), (4 bytes).
    Removing emergencysignalcontroller.o(.revsh_text), (4 bytes).
    Removing commmessagereceivercontroller.o(.rev16_text), (4 bytes).
    Removing commmessagereceivercontroller.o(.revsh_text), (4 bytes).
    Removing commmessagesendercontroller.o(.rev16_text), (4 bytes).
    Removing commmessagesendercontroller.o(.revsh_text), (4 bytes).
    Removing rt_task.o(i.rt_tsk_pass), (48 bytes).
    Removing rt_task.o(i.rt_tsk_prio), (128 bytes).
    Removing rt_task.o(i.rt_tsk_self), (16 bytes).
    Removing rt_event.o(i.rt_evt_clr), (28 bytes).
    Removing rt_event.o(i.rt_evt_get), (12 bytes).
    Removing rt_event.o(i.rt_evt_set), (96 bytes).
    Removing rt_time.o(i.rt_dly_wait), (6 bytes).
    Removing rt_system.o(.emb_text), (0 bytes).
    Removing rt_system.o(i.rt_resume), (176 bytes).
    Removing rt_system.o(i.rt_suspend), (44 bytes).
    Removing rt_system.o(i.rt_tsk_lock), (80 bytes).
    Removing rt_system.o(i.rt_tsk_unlock), (80 bytes).
    Removing rt_list.o(i.rt_get_same_rdy_prio), (36 bytes).
    Removing rt_list.o(i.rt_resort_prio), (52 bytes).
    Removing rt_membox.o(i._calloc_box), (30 bytes).
    Removing rt_mailbox.o(i.isr_mbx_receive), (84 bytes).
    Removing rt_mailbox.o(i.isr_mbx_send), (14 bytes).
    Removing rt_mailbox.o(i.rt_mbx_check), (8 bytes).
    Removing rt_mailbox.o(i.rt_mbx_init), (26 bytes).
    Removing rt_mailbox.o(i.rt_mbx_send), (160 bytes).
    Removing rt_mailbox.o(i.rt_mbx_wait), (184 bytes).
    Removing rt_semaphore.o(i.isr_sem_send), (16 bytes).
    Removing rt_semaphore.o(i.rt_sem_init), (12 bytes).
    Removing rt_semaphore.o(i.rt_sem_send), (56 bytes).
    Removing rt_semaphore.o(i.rt_sem_wait), (60 bytes).
    Removing rt_timer.o(i.rt_tmr_create), (80 bytes).
    Removing rt_timer.o(i.rt_tmr_kill), (52 bytes).

61 unused section(s) (total 2228 bytes) removed from the image.

==============================================================================

Image Symbol Table

    Local Symbols

    Symbol Name                              Value     Ov Type        Size  Object(Section)

    ../clib/microlib/init/entry.s            0x00000000   Number         0  entry7a.o ABSOLUTE
    ../clib/microlib/init/entry.s            0x00000000   Number         0  entry5.o ABSOLUTE
    ../clib/microlib/init/entry.s            0x00000000   Number         0  entry2.o ABSOLUTE
    ../clib/microlib/init/entry.s            0x00000000   Number         0  entry8.o ABSOLUTE
    ../clib/microlib/init/entry.s            0x00000000   Number         0  entry.o ABSOLUTE
    ../clib/microlib/init/entry.s            0x00000000   Number         0  entry7b.o ABSOLUTE
    ..\STM32F10x_StdPeriph_Driver\src\misc.c 0x00000000   Number         0  misc.o ABSOLUTE
    ..\STM32F10x_StdPeriph_Driver\src\stm32f10x_exti.c 0x00000000   Number         0  stm32f10x_exti.o ABSOLUTE
    ..\STM32F10x_StdPeriph_Driver\src\stm32f10x_gpio.c 0x00000000   Number         0  stm32f10x_gpio.o ABSOLUTE
    ..\STM32F10x_StdPeriph_Driver\src\stm32f10x_rcc.c 0x00000000   Number         0  stm32f10x_rcc.o ABSOLUTE
    ..\STM32F10x_StdPeriph_Driver\src\stm32f10x_usart.c 0x00000000   Number         0  stm32f10x_usart.o ABSOLUTE
    ..\\STM32F10x_StdPeriph_Driver\\src\\misc.c 0x00000000   Number         0  misc.o ABSOLUTE
    ..\\STM32F10x_StdPeriph_Driver\\src\\stm32f10x_exti.c 0x00000000   Number         0  stm32f10x_exti.o ABSOLUTE
    ..\\STM32F10x_StdPeriph_Driver\\src\\stm32f10x_gpio.c 0x00000000   Number         0  stm32f10x_gpio.o ABSOLUTE
    ..\\STM32F10x_StdPeriph_Driver\\src\\stm32f10x_rcc.c 0x00000000   Number         0  stm32f10x_rcc.o ABSOLUTE
    ..\\STM32F10x_StdPeriph_Driver\\src\\stm32f10x_usart.c 0x00000000   Number         0  stm32f10x_usart.o ABSOLUTE
    Blinky.c                                 0x00000000   Number         0  blinky.o ABSOLUTE
    Blinky.c                                 0x00000000   Number         0  blinky.o ABSOLUTE
    BrakingController.c                      0x00000000   Number         0  brakingcontroller.o ABSOLUTE
    BrakingController.c                      0x00000000   Number         0  brakingcontroller.o ABSOLUTE
    CommMessageReceiverController.c          0x00000000   Number         0  commmessagereceivercontroller.o ABSOLUTE
    CommMessageReceiverController.c          0x00000000   Number         0  commmessagereceivercontroller.o ABSOLUTE
    CommMessageSenderController.c            0x00000000   Number         0  commmessagesendercontroller.o ABSOLUTE
    CommMessageSenderController.c            0x00000000   Number         0  commmessagesendercontroller.o ABSOLUTE
    EXTI_pins_configuration.c                0x00000000   Number         0  exti_pins_configuration.o ABSOLUTE
    EXTI_pins_configuration.c                0x00000000   Number         0  exti_pins_configuration.o ABSOLUTE
    EmergencySignalController.c              0x00000000   Number         0  emergencysignalcontroller.o ABSOLUTE
    EmergencySignalController.c              0x00000000   Number         0  emergencysignalcontroller.o ABSOLUTE
    EngineController.c                       0x00000000   Number         0  enginecontroller.o ABSOLUTE
    EngineController.c                       0x00000000   Number         0  enginecontroller.o ABSOLUTE
    LeverController.c                        0x00000000   Number         0  levercontroller.o ABSOLUTE
    LeverController.c                        0x00000000   Number         0  levercontroller.o ABSOLUTE
    RTX_Config.c                             0x00000000   Number         0  rtx_config.o ABSOLUTE
    Retarget.c                               0x00000000   Number         0  retarget.o ABSOLUTE
    SRC\CM\HAL_CM3.c                         0x00000000   Number         0  hal_cm3.o ABSOLUTE
    SRC\CM\SVC_Table.s                       0x00000000   Number         0  SVC_Table.o ABSOLUTE
    SRC\CM\rt_Event.c                        0x00000000   Number         0  rt_event.o ABSOLUTE
    SRC\CM\rt_List.c                         0x00000000   Number         0  rt_list.o ABSOLUTE
    SRC\CM\rt_Mailbox.c                      0x00000000   Number         0  rt_mailbox.o ABSOLUTE
    SRC\CM\rt_MemBox.c                       0x00000000   Number         0  rt_membox.o ABSOLUTE
    SRC\CM\rt_Robin.c                        0x00000000   Number         0  rt_robin.o ABSOLUTE
    SRC\CM\rt_Semaphore.c                    0x00000000   Number         0  rt_semaphore.o ABSOLUTE
    SRC\CM\rt_System.c                       0x00000000   Number         0  rt_system.o ABSOLUTE
    SRC\CM\rt_Task.c                         0x00000000   Number         0  rt_task.o ABSOLUTE
    SRC\CM\rt_Time.c                         0x00000000   Number         0  rt_time.o ABSOLUTE
    SRC\CM\rt_Timer.c                        0x00000000   Number         0  rt_timer.o ABSOLUTE
    SRC\\CM\\HAL_CM3.c                       0x00000000   Number         0  hal_cm3.o ABSOLUTE
    SRC\\CM\\rt_System.c                     0x00000000   Number         0  rt_system.o ABSOLUTE
    StopSignalController.c                   0x00000000   Number         0  stopsignalcontroller.o ABSOLUTE
    StopSignalController.c                   0x00000000   Number         0  stopsignalcontroller.o ABSOLUTE
    dc.s                                     0x00000000   Number         0  dc.o ABSOLUTE
    handlers.s                               0x00000000   Number         0  handlers.o ABSOLUTE
    init.s                                   0x00000000   Number         0  init.o ABSOLUTE
    startup_stm32f10x_md.s                   0x00000000   Number         0  startup_stm32f10x_md.o ABSOLUTE
    stm32f10x_it.c                           0x00000000   Number         0  stm32f10x_it.o ABSOLUTE
    stm32f10x_it.c                           0x00000000   Number         0  stm32f10x_it.o ABSOLUTE
    system_stm32f10x.c                       0x00000000   Number         0  system_stm32f10x.o ABSOLUTE
    system_stm32f10x.c                       0x00000000   Number         0  system_stm32f10x.o ABSOLUTE
    RESET                                    0x08000000   Section      236  startup_stm32f10x_md.o(RESET)
    .ARM.Collect$$$$00000000                 0x080000ec   Section        0  entry.o(.ARM.Collect$$$$00000000)
    .ARM.Collect$$$$00000001                 0x080000ec   Section        4  entry2.o(.ARM.Collect$$$$00000001)
    .ARM.Collect$$$$00000004                 0x080000f0   Section        4  entry5.o(.ARM.Collect$$$$00000004)
    .ARM.Collect$$$$00000008                 0x080000f4   Section        0  entry7b.o(.ARM.Collect$$$$00000008)
    .ARM.Collect$$$$00000009                 0x080000f4   Section        8  entry8.o(.ARM.Collect$$$$00000009)
    .ARM.Collect$$$$00002712                 0x080000fc   Section        4  entry2.o(.ARM.Collect$$$$00002712)
    __lit__00000000                          0x080000fc   Data           4  entry2.o(.ARM.Collect$$$$00002712)
    .emb_text                                0x08000100   Section      340  hal_cm3.o(.emb_text)
    .text                                    0x08000254   Section       36  startup_stm32f10x_md.o(.text)
    .text                                    0x08000278   Section        0  system_stm32f10x.o(.text)
    SetSysClockTo72                          0x08000279   Thumb Code   192  system_stm32f10x.o(.text)
    SetSysClock                              0x08000339   Thumb Code     8  system_stm32f10x.o(.text)
    .text                                    0x08000440   Section        0  stm32f10x_it.o(.text)
    .text                                    0x080004bc   Section        0  blinky.o(.text)
    .text                                    0x08000770   Section        0  stm32f10x_exti.o(.text)
    .text                                    0x0800088c   Section        0  stm32f10x_gpio.o(.text)
    .text                                    0x08000be4   Section        0  stm32f10x_rcc.o(.text)
    .text                                    0x08000f80   Section        0  stm32f10x_usart.o(.text)
    .text                                    0x08001388   Section        0  misc.o(.text)
    .text                                    0x08001464   Section        0  exti_pins_configuration.o(.text)
    .text                                    0x0800150c   Section        0  brakingcontroller.o(.text)
    .text                                    0x080015b4   Section        0  enginecontroller.o(.text)
    .text                                    0x08001648   Section        0  levercontroller.o(.text)
    .text                                    0x08001684   Section        0  stopsignalcontroller.o(.text)
    .text                                    0x0800169c   Section        0  emergencysignalcontroller.o(.text)
    .text                                    0x080016a4   Section        0  commmessagereceivercontroller.o(.text)
    .text                                    0x0800177c   Section        0  commmessagesendercontroller.o(.text)
    .text                                    0x08001814   Section        0  rtx_config.o(.text)
    .text                                    0x08001854   Section       36  init.o(.text)
    SVC_TABLE                                0x08001878   Section        4  SVC_Table.o(SVC_TABLE)
    i.__scatterload_copy                     0x0800187c   Section       14  handlers.o(i.__scatterload_copy)
    i.__scatterload_null                     0x0800188a   Section        2  handlers.o(i.__scatterload_null)
    i.__scatterload_zeroinit                 0x0800188c   Section       14  handlers.o(i.__scatterload_zeroinit)
    i._init_box                              0x0800189a   Section        0  rt_membox.o(i._init_box)
    i.dbg_init                               0x080018e0   Section        0  hal_cm3.o(i.dbg_init)
    i.dbg_task_notify                        0x08001910   Section        0  hal_cm3.o(i.dbg_task_notify)
    i.dbg_task_switch                        0x08001930   Section        0  hal_cm3.o(i.dbg_task_switch)
    i.isr_evt_set                            0x08001940   Section        0  rt_event.o(i.isr_evt_set)
    i.os_tick_init                           0x08001968   Section        0  rt_system.o(i.os_tick_init)
    i.os_tick_irqack                         0x08001990   Section        0  rt_system.o(i.os_tick_irqack)
    i.rt_alloc_box                           0x08001992   Section        0  rt_membox.o(i.rt_alloc_box)
    i.rt_block                               0x080019ac   Section        0  rt_task.o(i.rt_block)
    i.rt_chk_robin                           0x080019e4   Section        0  rt_robin.o(i.rt_chk_robin)
    i.rt_dec_dly                             0x08001a2c   Section        0  rt_list.o(i.rt_dec_dly)
    i.rt_dispatch                            0x08001aa0   Section        0  rt_task.o(i.rt_dispatch)
    i.rt_evt_psh                             0x08001ae4   Section        0  rt_event.o(i.rt_evt_psh)
    i.rt_evt_wait                            0x08001b30   Section        0  rt_event.o(i.rt_evt_wait)
    i.rt_free_box                            0x08001b70   Section        0  rt_membox.o(i.rt_free_box)
    i.rt_get_first                           0x08001b90   Section        0  rt_list.o(i.rt_get_first)
    i.rt_init_context                        0x08001bb8   Section        0  rt_task.o(i.rt_init_context)
    rt_init_context                          0x08001bb9   Thumb Code    64  rt_task.o(i.rt_init_context)
    i.rt_init_robin                          0x08001bfc   Section        0  rt_robin.o(i.rt_init_robin)
    i.rt_init_stack                          0x08001c14   Section        0  hal_cm3.o(i.rt_init_stack)
    i.rt_itv_set                             0x08001c64   Section        0  rt_time.o(i.rt_itv_set)
    i.rt_itv_wait                            0x08001c7c   Section        0  rt_time.o(i.rt_itv_wait)
    i.rt_mbx_psh                             0x08001ca8   Section        0  rt_mailbox.o(i.rt_mbx_psh)
    i.rt_pop_req                             0x08001d68   Section        0  rt_system.o(i.rt_pop_req)
    i.rt_psh_req                             0x08001de0   Section        0  rt_system.o(i.rt_psh_req)
    i.rt_psq_enq                             0x08001e00   Section        0  rt_list.o(i.rt_psq_enq)
    i.rt_put_dly                             0x08001e58   Section        0  rt_list.o(i.rt_put_dly)
    i.rt_put_prio                            0x08001ea0   Section        0  rt_list.o(i.rt_put_prio)
    i.rt_put_rdy_first                       0x08001ed8   Section        0  rt_list.o(i.rt_put_rdy_first)
    i.rt_rmv_dly                             0x08001eec   Section        0  rt_list.o(i.rt_rmv_dly)
    i.rt_rmv_list                            0x08001f14   Section        0  rt_list.o(i.rt_rmv_list)
    i.rt_sem_psh                             0x08001f44   Section        0  rt_semaphore.o(i.rt_sem_psh)
    i.rt_stk_check                           0x08001f78   Section        0  rt_system.o(i.rt_stk_check)
    i.rt_switch_req                          0x08001f9c   Section        0  rt_task.o(i.rt_switch_req)
    i.rt_sys_init                            0x08001fc4   Section        0  rt_task.o(i.rt_sys_init)
    i.rt_systick                             0x0800211c   Section        0  rt_system.o(i.rt_systick)
    i.rt_time_get                            0x08002158   Section        0  rt_time.o(i.rt_time_get)
    i.rt_tmr_tick                            0x08002164   Section        0  rt_timer.o(i.rt_tmr_tick)
    i.rt_tsk_create                          0x080021a4   Section        0  rt_task.o(i.rt_tsk_create)
    i.rt_tsk_delete                          0x08002238   Section        0  rt_task.o(i.rt_tsk_delete)
    .constdata                               0x080022f4   Section       40  rtx_config.o(.constdata)
    __tagsym$$used                           0x08002308   Number         0  rtx_config.o(.constdata)
    __tagsym$$used                           0x0800230c   Number         0  rtx_config.o(.constdata)
    .data                                    0x20000000   Section       20  system_stm32f10x.o(.data)
    .data                                    0x20000014   Section       53  blinky.o(.data)
    .data                                    0x20000049   Section       20  stm32f10x_rcc.o(.data)
    APBAHBPrescTable                         0x20000049   Data          16  stm32f10x_rcc.o(.data)
    ADCPrescTable                            0x20000059   Data           4  stm32f10x_rcc.o(.data)
    .data                                    0x20000060   Section       24  exti_pins_configuration.o(.data)
    .data                                    0x20000078   Section        4  rtx_config.o(.data)
    .data                                    0x2000007c   Section        8  rt_task.o(.data)
    .data                                    0x20000084   Section        4  rt_time.o(.data)
    .data                                    0x20000088   Section        1  hal_cm3.o(.data)
    .data                                    0x2000008c   Section        8  rt_system.o(.data)
    os_lock                                  0x2000008c   Data           1  rt_system.o(.data)
    os_psh_flag                              0x2000008d   Data           1  rt_system.o(.data)
    pend_flags                               0x2000008e   Data           1  rt_system.o(.data)
    .data                                    0x20000094   Section        8  rt_robin.o(.data)
    .data                                    0x2000009c   Section        8  rt_timer.o(.data)
    .bss                                     0x200000a8   Section     2884  rtx_config.o(.bss)
    .bss                                     0x20000bec   Section       48  rt_task.o(.bss)
    .bss                                     0x20000c1c   Section       48  rt_list.o(.bss)
    STACK                                    0x20000c50   Section     1024  startup_stm32f10x_md.o(STACK)

    Global Symbols

    Symbol Name                              Value     Ov Type        Size  Object(Section)

    BuildAttributes$$THM_ISAv4$P$D$K$B$S$PE$A:L22UL41UL21$X:L11$S22US41US21$IEEE1$IW$USESV6$~STKCKD$USESV7$~SHL$OSPACE$EBA8$MICROLIB$REQ8$PRES8$EABIv2 0x00000000   Number         0  anon$$obj.o ABSOLUTE
    __ARM_use_no_argv                        0x00000000   Number         0  blinky.o ABSOLUTE
    __decompress                              - Undefined Weak Reference
    _clock_init                               - Undefined Weak Reference
    __Vectors_Size                           0x000000ec   Number         0  startup_stm32f10x_md.o ABSOLUTE
    __RL_RTX_VER                             0x00000460   Number         0  rt_system.o ABSOLUTE
    __Vectors                                0x08000000   Data           4  startup_stm32f10x_md.o(RESET)
    __Vectors_End                            0x080000ec   Data           0  startup_stm32f10x_md.o(RESET)
    __main                                   0x080000ed   Thumb Code     0  entry.o(.ARM.Collect$$$$00000000)
    _main_stk                                0x080000ed   Thumb Code     0  entry2.o(.ARM.Collect$$$$00000001)
    _main_scatterload                        0x080000f1   Thumb Code     0  entry5.o(.ARM.Collect$$$$00000004)
    __main_after_scatterload                 0x080000f5   Thumb Code     0  entry5.o(.ARM.Collect$$$$00000004)
    _main_clock                              0x080000f5   Thumb Code     0  entry7b.o(.ARM.Collect$$$$00000008)
    _main_init                               0x080000f5   Thumb Code     0  entry8.o(.ARM.Collect$$$$00000009)
    rt_set_PSP                               0x08000101   Thumb Code     6  hal_cm3.o(.emb_text)
    rt_get_PSP                               0x08000107   Thumb Code     6  hal_cm3.o(.emb_text)
    os_set_env                               0x0800010d   Thumb Code    24  hal_cm3.o(.emb_text)
    _alloc_box                               0x08000129   Thumb Code    28  hal_cm3.o(.emb_text)
    _free_box                                0x08000149   Thumb Code    28  hal_cm3.o(.emb_text)
    SVC_Handler                              0x08000169   Thumb Code   124  hal_cm3.o(.emb_text)
    PendSV_Handler                           0x080001f1   Thumb Code    76  hal_cm3.o(.emb_text)
    SysTick_Handler                          0x08000241   Thumb Code     8  hal_cm3.o(.emb_text)
    OS_Tick_Handler                          0x08000249   Thumb Code    12  hal_cm3.o(.emb_text)
    Reset_Handler                            0x08000255   Thumb Code     8  startup_stm32f10x_md.o(.text)
    NMI_Handler                              0x0800025d   Thumb Code     2  startup_stm32f10x_md.o(.text)
    HardFault_Handler                        0x0800025f   Thumb Code     2  startup_stm32f10x_md.o(.text)
    MemManage_Handler                        0x08000261   Thumb Code     2  startup_stm32f10x_md.o(.text)
    BusFault_Handler                         0x08000263   Thumb Code     2  startup_stm32f10x_md.o(.text)
    UsageFault_Handler                       0x08000265   Thumb Code     2  startup_stm32f10x_md.o(.text)
    DebugMon_Handler                         0x08000269   Thumb Code     2  startup_stm32f10x_md.o(.text)
    ADC1_2_IRQHandler                        0x0800026f   Thumb Code     0  startup_stm32f10x_md.o(.text)
    CAN1_RX1_IRQHandler                      0x0800026f   Thumb Code     0  startup_stm32f10x_md.o(.text)
    CAN1_SCE_IRQHandler                      0x0800026f   Thumb Code     0  startup_stm32f10x_md.o(.text)
    DMA1_Channel1_IRQHandler                 0x0800026f   Thumb Code     0  startup_stm32f10x_md.o(.text)
    DMA1_Channel2_IRQHandler                 0x0800026f   Thumb Code     0  startup_stm32f10x_md.o(.text)
    DMA1_Channel3_IRQHandler                 0x0800026f   Thumb Code     0  startup_stm32f10x_md.o(.text)
    DMA1_Channel4_IRQHandler                 0x0800026f   Thumb Code     0  startup_stm32f10x_md.o(.text)
    DMA1_Channel5_IRQHandler                 0x0800026f   Thumb Code     0  startup_stm32f10x_md.o(.text)
    DMA1_Channel6_IRQHandler                 0x0800026f   Thumb Code     0  startup_stm32f10x_md.o(.text)
    DMA1_Channel7_IRQHandler                 0x0800026f   Thumb Code     0  startup_stm32f10x_md.o(.text)
    EXTI15_10_IRQHandler                     0x0800026f   Thumb Code     0  startup_stm32f10x_md.o(.text)
    EXTI2_IRQHandler                         0x0800026f   Thumb Code     0  startup_stm32f10x_md.o(.text)
    EXTI3_IRQHandler                         0x0800026f   Thumb Code     0  startup_stm32f10x_md.o(.text)
    EXTI4_IRQHandler                         0x0800026f   Thumb Code     0  startup_stm32f10x_md.o(.text)
    EXTI9_5_IRQHandler                       0x0800026f   Thumb Code     0  startup_stm32f10x_md.o(.text)
    FLASH_IRQHandler                         0x0800026f   Thumb Code     0  startup_stm32f10x_md.o(.text)
    I2C1_ER_IRQHandler                       0x0800026f   Thumb Code     0  startup_stm32f10x_md.o(.text)
    I2C1_EV_IRQHandler                       0x0800026f   Thumb Code     0  startup_stm32f10x_md.o(.text)
    I2C2_ER_IRQHandler                       0x0800026f   Thumb Code     0  startup_stm32f10x_md.o(.text)
    I2C2_EV_IRQHandler                       0x0800026f   Thumb Code     0  startup_stm32f10x_md.o(.text)
    PVD_IRQHandler                           0x0800026f   Thumb Code     0  startup_stm32f10x_md.o(.text)
    RCC_IRQHandler                           0x0800026f   Thumb Code     0  startup_stm32f10x_md.o(.text)
    RTCAlarm_IRQHandler                      0x0800026f   Thumb Code     0  startup_stm32f10x_md.o(.text)
    RTC_IRQHandler                           0x0800026f   Thumb Code     0  startup_stm32f10x_md.o(.text)
    SPI1_IRQHandler                          0x0800026f   Thumb Code     0  startup_stm32f10x_md.o(.text)
    SPI2_IRQHandler                          0x0800026f   Thumb Code     0  startup_stm32f10x_md.o(.text)
    TAMPER_IRQHandler                        0x0800026f   Thumb Code     0  startup_stm32f10x_md.o(.text)
    TIM1_BRK_IRQHandler                      0x0800026f   Thumb Code     0  startup_stm32f10x_md.o(.text)
    TIM1_CC_IRQHandler                       0x0800026f   Thumb Code     0  startup_stm32f10x_md.o(.text)
    TIM1_TRG_COM_IRQHandler                  0x0800026f   Thumb Code     0  startup_stm32f10x_md.o(.text)
    TIM1_UP_IRQHandler                       0x0800026f   Thumb Code     0  startup_stm32f10x_md.o(.text)
    TIM2_IRQHandler                          0x0800026f   Thumb Code     0  startup_stm32f10x_md.o(.text)
    TIM3_IRQHandler                          0x0800026f   Thumb Code     0  startup_stm32f10x_md.o(.text)
    TIM4_IRQHandler                          0x0800026f   Thumb Code     0  startup_stm32f10x_md.o(.text)
    USART2_IRQHandler                        0x0800026f   Thumb Code     0  startup_stm32f10x_md.o(.text)
    USART3_IRQHandler                        0x0800026f   Thumb Code     0  startup_stm32f10x_md.o(.text)
    USBWakeUp_IRQHandler                     0x0800026f   Thumb Code     0  startup_stm32f10x_md.o(.text)
    USB_HP_CAN1_TX_IRQHandler                0x0800026f   Thumb Code     0  startup_stm32f10x_md.o(.text)
    USB_LP_CAN1_RX0_IRQHandler               0x0800026f   Thumb Code     0  startup_stm32f10x_md.o(.text)
    WWDG_IRQHandler                          0x0800026f   Thumb Code     0  startup_stm32f10x_md.o(.text)
    SystemInit                               0x08000341   Thumb Code    78  system_stm32f10x.o(.text)
    SystemCoreClockUpdate                    0x0800038f   Thumb Code   142  system_stm32f10x.o(.text)
    EXTI0_IRQHandler                         0x08000441   Thumb Code    24  stm32f10x_it.o(.text)
    EXTI1_IRQHandler                         0x08000459   Thumb Code    24  stm32f10x_it.o(.text)
    USART1_IRQHandler                        0x08000471   Thumb Code    42  stm32f10x_it.o(.text)
    Task1                                    0x080004bd   Thumb Code   258  blinky.o(.text)
    Task2                                    0x080005bf   Thumb Code    80  blinky.o(.text)
    Task3                                    0x0800060f   Thumb Code    64  blinky.o(.text)
    Task4                                    0x0800064f   Thumb Code    66  blinky.o(.text)
    TaskInit                                 0x08000691   Thumb Code    88  blinky.o(.text)
    main                                     0x080006e9   Thumb Code    52  blinky.o(.text)
    EXTI_DeInit                              0x08000771   Thumb Code    28  stm32f10x_exti.o(.text)
    EXTI_Init                                0x0800078d   Thumb Code   142  stm32f10x_exti.o(.text)
    EXTI_StructInit                          0x0800081b   Thumb Code    16  stm32f10x_exti.o(.text)
    EXTI_GenerateSWInterrupt                 0x0800082b   Thumb Code    16  stm32f10x_exti.o(.text)
    EXTI_GetFlagStatus                       0x0800083b   Thumb Code    22  stm32f10x_exti.o(.text)
    EXTI_ClearFlag                           0x08000851   Thumb Code     8  stm32f10x_exti.o(.text)
    EXTI_GetITStatus                         0x08000859   Thumb Code    34  stm32f10x_exti.o(.text)
    EXTI_ClearITPendingBit                   0x0800087b   Thumb Code     8  stm32f10x_exti.o(.text)
    GPIO_DeInit                              0x0800088d   Thumb Code   172  stm32f10x_gpio.o(.text)
    GPIO_AFIODeInit                          0x08000939   Thumb Code    20  stm32f10x_gpio.o(.text)
    GPIO_Init                                0x0800094d   Thumb Code   274  stm32f10x_gpio.o(.text)
    GPIO_StructInit                          0x08000a5f   Thumb Code    16  stm32f10x_gpio.o(.text)
    GPIO_ReadInputDataBit                    0x08000a6f   Thumb Code    18  stm32f10x_gpio.o(.text)
    GPIO_ReadInputData                       0x08000a81   Thumb Code     8  stm32f10x_gpio.o(.text)
    GPIO_ReadOutputDataBit                   0x08000a89   Thumb Code    18  stm32f10x_gpio.o(.text)
    GPIO_ReadOutputData                      0x08000a9b   Thumb Code     8  stm32f10x_gpio.o(.text)
    GPIO_SetBits                             0x08000aa3   Thumb Code     4  stm32f10x_gpio.o(.text)
    GPIO_ResetBits                           0x08000aa7   Thumb Code     4  stm32f10x_gpio.o(.text)
    GPIO_WriteBit                            0x08000aab   Thumb Code    10  stm32f10x_gpio.o(.text)
    GPIO_Write                               0x08000ab5   Thumb Code     4  stm32f10x_gpio.o(.text)
    GPIO_PinLockConfig                       0x08000ab9   Thumb Code    18  stm32f10x_gpio.o(.text)
    GPIO_EventOutputConfig                   0x08000acb   Thumb Code    26  stm32f10x_gpio.o(.text)
    GPIO_EventOutputCmd                      0x08000ae5   Thumb Code     6  stm32f10x_gpio.o(.text)
    GPIO_PinRemapConfig                      0x08000aeb   Thumb Code   138  stm32f10x_gpio.o(.text)
    GPIO_EXTILineConfig                      0x08000b75   Thumb Code    66  stm32f10x_gpio.o(.text)
    GPIO_ETH_MediaInterfaceConfig            0x08000bb7   Thumb Code     6  stm32f10x_gpio.o(.text)
    RCC_DeInit                               0x08000be5   Thumb Code    64  stm32f10x_rcc.o(.text)
    RCC_HSEConfig                            0x08000c25   Thumb Code    70  stm32f10x_rcc.o(.text)
    RCC_GetFlagStatus                        0x08000c6b   Thumb Code    56  stm32f10x_rcc.o(.text)
    RCC_WaitForHSEStartUp                    0x08000ca3   Thumb Code    48  stm32f10x_rcc.o(.text)
    RCC_AdjustHSICalibrationValue            0x08000cd3   Thumb Code    20  stm32f10x_rcc.o(.text)
    RCC_HSICmd                               0x08000ce7   Thumb Code     6  stm32f10x_rcc.o(.text)
    RCC_PLLConfig                            0x08000ced   Thumb Code    24  stm32f10x_rcc.o(.text)
    RCC_PLLCmd                               0x08000d05   Thumb Code     6  stm32f10x_rcc.o(.text)
    RCC_SYSCLKConfig                         0x08000d0b   Thumb Code    18  stm32f10x_rcc.o(.text)
    RCC_GetSYSCLKSource                      0x08000d1d   Thumb Code    10  stm32f10x_rcc.o(.text)
    RCC_HCLKConfig                           0x08000d27   Thumb Code    18  stm32f10x_rcc.o(.text)
    RCC_PCLK1Config                          0x08000d39   Thumb Code    18  stm32f10x_rcc.o(.text)
    RCC_PCLK2Config                          0x08000d4b   Thumb Code    20  stm32f10x_rcc.o(.text)
    RCC_ITConfig                             0x08000d5f   Thumb Code    26  stm32f10x_rcc.o(.text)
    RCC_USBCLKConfig                         0x08000d79   Thumb Code     6  stm32f10x_rcc.o(.text)
    RCC_ADCCLKConfig                         0x08000d7f   Thumb Code    18  stm32f10x_rcc.o(.text)
    RCC_LSEConfig                            0x08000d91   Thumb Code    44  stm32f10x_rcc.o(.text)
    RCC_LSICmd                               0x08000dbd   Thumb Code     6  stm32f10x_rcc.o(.text)
    RCC_RTCCLKConfig                         0x08000dc3   Thumb Code    12  stm32f10x_rcc.o(.text)
    RCC_RTCCLKCmd                            0x08000dcf   Thumb Code     8  stm32f10x_rcc.o(.text)
    RCC_GetClocksFreq                        0x08000dd7   Thumb Code   192  stm32f10x_rcc.o(.text)
    RCC_AHBPeriphClockCmd                    0x08000e97   Thumb Code    26  stm32f10x_rcc.o(.text)
    RCC_APB2PeriphClockCmd                   0x08000eb1   Thumb Code    26  stm32f10x_rcc.o(.text)
    RCC_APB1PeriphClockCmd                   0x08000ecb   Thumb Code    26  stm32f10x_rcc.o(.text)
    RCC_APB2PeriphResetCmd                   0x08000ee5   Thumb Code    26  stm32f10x_rcc.o(.text)
    RCC_APB1PeriphResetCmd                   0x08000eff   Thumb Code    26  stm32f10x_rcc.o(.text)
    RCC_BackupResetCmd                       0x08000f19   Thumb Code     8  stm32f10x_rcc.o(.text)
    RCC_ClockSecuritySystemCmd               0x08000f21   Thumb Code     6  stm32f10x_rcc.o(.text)
    RCC_MCOConfig                            0x08000f27   Thumb Code     6  stm32f10x_rcc.o(.text)
    RCC_ClearFlag                            0x08000f2d   Thumb Code    14  stm32f10x_rcc.o(.text)
    RCC_GetITStatus                          0x08000f3b   Thumb Code    20  stm32f10x_rcc.o(.text)
    RCC_ClearITPendingBit                    0x08000f4f   Thumb Code     6  stm32f10x_rcc.o(.text)
    USART_DeInit                             0x08000f81   Thumb Code   134  stm32f10x_usart.o(.text)
    USART_Init                               0x08001007   Thumb Code   210  stm32f10x_usart.o(.text)
    USART_StructInit                         0x080010d9   Thumb Code    24  stm32f10x_usart.o(.text)
    USART_ClockInit                          0x080010f1   Thumb Code    34  stm32f10x_usart.o(.text)
    USART_ClockStructInit                    0x08001113   Thumb Code    12  stm32f10x_usart.o(.text)
    USART_Cmd                                0x0800111f   Thumb Code    24  stm32f10x_usart.o(.text)
    USART_ITConfig                           0x08001137   Thumb Code    74  stm32f10x_usart.o(.text)
    USART_DMACmd                             0x08001181   Thumb Code    18  stm32f10x_usart.o(.text)
    USART_SetAddress                         0x08001193   Thumb Code    18  stm32f10x_usart.o(.text)
    USART_WakeUpConfig                       0x080011a5   Thumb Code    18  stm32f10x_usart.o(.text)
    USART_ReceiverWakeUpCmd                  0x080011b7   Thumb Code    24  stm32f10x_usart.o(.text)
    USART_LINBreakDetectLengthConfig         0x080011cf   Thumb Code    18  stm32f10x_usart.o(.text)
    USART_LINCmd                             0x080011e1   Thumb Code    24  stm32f10x_usart.o(.text)
    USART_SendData                           0x080011f9   Thumb Code     8  stm32f10x_usart.o(.text)
    USART_ReceiveData                        0x08001201   Thumb Code    10  stm32f10x_usart.o(.text)
    USART_SendBreak                          0x0800120b   Thumb Code    10  stm32f10x_usart.o(.text)
    USART_SetGuardTime                       0x08001215   Thumb Code    16  stm32f10x_usart.o(.text)
    USART_SetPrescaler                       0x08001225   Thumb Code    16  stm32f10x_usart.o(.text)
    USART_SmartCardCmd                       0x08001235   Thumb Code    24  stm32f10x_usart.o(.text)
    USART_SmartCardNACKCmd                   0x0800124d   Thumb Code    24  stm32f10x_usart.o(.text)
    USART_HalfDuplexCmd                      0x08001265   Thumb Code    24  stm32f10x_usart.o(.text)
    USART_OverSampling8Cmd                   0x0800127d   Thumb Code    22  stm32f10x_usart.o(.text)
    USART_OneBitMethodCmd                    0x08001293   Thumb Code    24  stm32f10x_usart.o(.text)
    USART_IrDAConfig                         0x080012ab   Thumb Code    18  stm32f10x_usart.o(.text)
    USART_IrDACmd                            0x080012bd   Thumb Code    24  stm32f10x_usart.o(.text)
    USART_GetFlagStatus                      0x080012d5   Thumb Code    26  stm32f10x_usart.o(.text)
    USART_ClearFlag                          0x080012ef   Thumb Code    18  stm32f10x_usart.o(.text)
    USART_GetITStatus                        0x08001301   Thumb Code    84  stm32f10x_usart.o(.text)
    USART_ClearITPendingBit                  0x08001355   Thumb Code    52  stm32f10x_usart.o(.text)
    NVIC_PriorityGroupConfig                 0x08001389   Thumb Code    10  misc.o(.text)
    NVIC_Init                                0x08001393   Thumb Code   102  misc.o(.text)
    NVIC_SetVectorTable                      0x080013f9   Thumb Code    14  misc.o(.text)
    NVIC_SystemLPConfig                      0x08001407   Thumb Code    34  misc.o(.text)
    SysTick_CLKSourceConfig                  0x08001429   Thumb Code    40  misc.o(.text)
    Configure_EXTI_GPIOB                     0x08001465   Thumb Code   118  exti_pins_configuration.o(.text)
    Configure_EXTI_GPIOB0                    0x080014db   Thumb Code    20  exti_pins_configuration.o(.text)
    Configure_EXTI_GPIOB1                    0x080014ef   Thumb Code    22  exti_pins_configuration.o(.text)
    initBrakingController                    0x0800150d   Thumb Code    22  brakingcontroller.o(.text)
    enableMaxBrakingPower                    0x08001523   Thumb Code    24  brakingcontroller.o(.text)
    enableMedBrakingPower                    0x0800153b   Thumb Code    34  brakingcontroller.o(.text)
    enableMinBrakingPower                    0x0800155d   Thumb Code    24  brakingcontroller.o(.text)
    disableBraking                           0x08001575   Thumb Code    34  brakingcontroller.o(.text)
    enableEmergencyBrakingPower              0x08001597   Thumb Code    20  brakingcontroller.o(.text)
    initEngineController                     0x080015b5   Thumb Code    22  enginecontroller.o(.text)
    enableMaxEnginePower                     0x080015cb   Thumb Code    24  enginecontroller.o(.text)
    enableMedEnginePower                     0x080015e3   Thumb Code    34  enginecontroller.o(.text)
    enableMinEnginePower                     0x08001605   Thumb Code    24  enginecontroller.o(.text)
    disableEngine                            0x0800161d   Thumb Code    34  enginecontroller.o(.text)
    initLeverController                      0x08001649   Thumb Code    26  levercontroller.o(.text)
    getLeverCurrentPosition                  0x08001663   Thumb Code     8  levercontroller.o(.text)
    isLeverIdle                              0x0800166b   Thumb Code    12  levercontroller.o(.text)
    initStopSignalController                 0x08001685   Thumb Code     8  stopsignalcontroller.o(.text)
    isStopSignalEnabled                      0x0800168d   Thumb Code    10  stopsignalcontroller.o(.text)
    initEmergencySignalController            0x0800169d   Thumb Code     8  emergencysignalcontroller.o(.text)
    USART1_Init                              0x080016a5   Thumb Code   126  commmessagereceivercontroller.o(.text)
    NVIC_USART1_Init                         0x08001723   Thumb Code    34  commmessagereceivercontroller.o(.text)
    initCommMessageReceiverController        0x08001745   Thumb Code    12  commmessagereceivercontroller.o(.text)
    checkAvailableDataToReceive              0x08001751   Thumb Code    22  commmessagereceivercontroller.o(.text)
    receiveData                              0x08001767   Thumb Code    12  commmessagereceivercontroller.o(.text)
    initCommMessageSenderController          0x0800177d   Thumb Code   116  commmessagesendercontroller.o(.text)
    sendData                                 0x080017f1   Thumb Code    28  commmessagesendercontroller.o(.text)
    os_idle_demon                            0x08001815   Thumb Code    32  rtx_config.o(.text)
    os_tmr_call                              0x08001835   Thumb Code     2  rtx_config.o(.text)
    os_error                                 0x08001837   Thumb Code     4  rtx_config.o(.text)
    __scatterload                            0x08001855   Thumb Code    28  init.o(.text)
    __scatterload_rt2                        0x08001855   Thumb Code     0  init.o(.text)
    SVC_Count                                0x08001878   Data           4  SVC_Table.o(SVC_TABLE)
    SVC_Table                                0x0800187c   Data           0  SVC_Table.o(SVC_TABLE)
    __scatterload_copy                       0x0800187d   Thumb Code    14  handlers.o(i.__scatterload_copy)
    __scatterload_null                       0x0800188b   Thumb Code     2  handlers.o(i.__scatterload_null)
    __scatterload_zeroinit                   0x0800188d   Thumb Code    14  handlers.o(i.__scatterload_zeroinit)
    _init_box                                0x0800189b   Thumb Code    70  rt_membox.o(i._init_box)
    dbg_init                                 0x080018e1   Thumb Code    34  hal_cm3.o(i.dbg_init)
    dbg_task_notify                          0x08001911   Thumb Code    32  hal_cm3.o(i.dbg_task_notify)
    dbg_task_switch                          0x08001931   Thumb Code    16  hal_cm3.o(i.dbg_task_switch)
    isr_evt_set                              0x08001941   Thumb Code    34  rt_event.o(i.isr_evt_set)
    os_tick_init                             0x08001969   Thumb Code    32  rt_system.o(i.os_tick_init)
    os_tick_irqack                           0x08001991   Thumb Code     2  rt_system.o(i.os_tick_irqack)
    rt_alloc_box                             0x08001993   Thumb Code    26  rt_membox.o(i.rt_alloc_box)
    rt_block                                 0x080019ad   Thumb Code    48  rt_task.o(i.rt_block)
    rt_chk_robin                             0x080019e5   Thumb Code    60  rt_robin.o(i.rt_chk_robin)
    rt_dec_dly                               0x08001a2d   Thumb Code   106  rt_list.o(i.rt_dec_dly)
    rt_dispatch                              0x08001aa1   Thumb Code    60  rt_task.o(i.rt_dispatch)
    rt_evt_psh                               0x08001ae5   Thumb Code    72  rt_event.o(i.rt_evt_psh)
    rt_evt_wait                              0x08001b31   Thumb Code    58  rt_event.o(i.rt_evt_wait)
    rt_free_box                              0x08001b71   Thumb Code    32  rt_membox.o(i.rt_free_box)
    rt_get_first                             0x08001b91   Thumb Code    40  rt_list.o(i.rt_get_first)
    rt_init_robin                            0x08001bfd   Thumb Code    14  rt_robin.o(i.rt_init_robin)
    rt_init_stack                            0x08001c15   Thumb Code    70  hal_cm3.o(i.rt_init_stack)
    rt_itv_set                               0x08001c65   Thumb Code    16  rt_time.o(i.rt_itv_set)
    rt_itv_wait                              0x08001c7d   Thumb Code    34  rt_time.o(i.rt_itv_wait)
    rt_mbx_psh                               0x08001ca9   Thumb Code   188  rt_mailbox.o(i.rt_mbx_psh)
    rt_pop_req                               0x08001d69   Thumb Code   106  rt_system.o(i.rt_pop_req)
    rt_psh_req                               0x08001de1   Thumb Code    22  rt_system.o(i.rt_psh_req)
    rt_psq_enq                               0x08001e01   Thumb Code    82  rt_list.o(i.rt_psq_enq)
    rt_put_dly                               0x08001e59   Thumb Code    68  rt_list.o(i.rt_put_dly)
    rt_put_prio                              0x08001ea1   Thumb Code    54  rt_list.o(i.rt_put_prio)
    rt_put_rdy_first                         0x08001ed9   Thumb Code    14  rt_list.o(i.rt_put_rdy_first)
    rt_rmv_dly                               0x08001eed   Thumb Code    40  rt_list.o(i.rt_rmv_dly)
    rt_rmv_list                              0x08001f15   Thumb Code    44  rt_list.o(i.rt_rmv_list)
    rt_sem_psh                               0x08001f45   Thumb Code    46  rt_semaphore.o(i.rt_sem_psh)
    rt_stk_check                             0x08001f79   Thumb Code    28  rt_system.o(i.rt_stk_check)
    rt_switch_req                            0x08001f9d   Thumb Code    30  rt_task.o(i.rt_switch_req)
    rt_sys_init                              0x08001fc5   Thumb Code   266  rt_task.o(i.rt_sys_init)
    rt_systick                               0x0800211d   Thumb Code    48  rt_system.o(i.rt_systick)
    rt_time_get                              0x08002159   Thumb Code     6  rt_time.o(i.rt_time_get)
    rt_tmr_tick                              0x08002165   Thumb Code    56  rt_timer.o(i.rt_tmr_tick)
    rt_tsk_create                            0x080021a5   Thumb Code   126  rt_task.o(i.rt_tsk_create)
    rt_tsk_delete                            0x08002239   Thumb Code   162  rt_task.o(i.rt_tsk_delete)
    os_maxtaskrun                            0x080022f4   Data           2  rtx_config.o(.constdata)
    os_stackinfo                             0x080022f8   Data           4  rtx_config.o(.constdata)
    os_rrobin                                0x080022fc   Data           4  rtx_config.o(.constdata)
    os_trv                                   0x08002300   Data           4  rtx_config.o(.constdata)
    os_flags                                 0x08002304   Data           1  rtx_config.o(.constdata)
    os_clockrate                             0x08002308   Data           4  rtx_config.o(.constdata)
    os_timernum                              0x0800230c   Data           4  rtx_config.o(.constdata)
    mp_tcb_size                              0x08002310   Data           2  rtx_config.o(.constdata)
    mp_stk_size                              0x08002314   Data           4  rtx_config.o(.constdata)
    os_fifo_size                             0x08002318   Data           1  rtx_config.o(.constdata)
    mp_tmr_size                              0x0800231a   Data           2  rtx_config.o(.constdata)
    Region$$Table$$Base                      0x0800231c   Number         0  anon$$obj.o(Region$$Table)
    Region$$Table$$Limit                     0x0800233c   Number         0  anon$$obj.o(Region$$Table)
    SystemCoreClock                          0x20000000   Data           4  system_stm32f10x.o(.data)
    AHBPrescTable                            0x20000004   Data          16  system_stm32f10x.o(.data)
    T1                                       0x20000014   Data           4  blinky.o(.data)
    T2                                       0x20000018   Data           4  blinky.o(.data)
    T3                                       0x2000001c   Data           4  blinky.o(.data)
    T4                                       0x20000020   Data           4  blinky.o(.data)
    TSim                                     0x20000024   Data           4  blinky.o(.data)
    IDLE                                     0x20000028   Data           4  blinky.o(.data)
    STOP_SIGNAL_EVENT_ID                     0x2000002c   Data           4  blinky.o(.data)
    EMERGENCY_BRAKING_EVENT_ID               0x20000030   Data           4  blinky.o(.data)
    COMM_MESSAGE_EVENT_ID                    0x20000034   Data           4  blinky.o(.data)
    Tid                                      0x20000038   Data           4  blinky.o(.data)
    T2id                                     0x2000003c   Data           4  blinky.o(.data)
    T3id                                     0x20000040   Data           4  blinky.o(.data)
    T4id                                     0x20000044   Data           4  blinky.o(.data)
    TMC_char_received                        0x20000048   Data           1  blinky.o(.data)
    EXTI_pins_info_array                     0x20000060   Data          24  exti_pins_configuration.o(.data)
    m_tmr                                    0x20000078   Data           4  rtx_config.o(.data)
    os_tsk                                   0x2000007c   Data           8  rt_task.o(.data)
    os_time                                  0x20000084   Data           4  rt_time.o(.data)
    dbg_msg                                  0x20000088   Data           1  hal_cm3.o(.data)
    os_tick_irqn                             0x20000090   Data           4  rt_system.o(.data)
    os_robin                                 0x20000094   Data           8  rt_robin.o(.data)
    os_tmr                                   0x2000009c   Data           8  rt_timer.o(.data)
    mp_tcb                                   0x200000a8   Data         492  rtx_config.o(.bss)
    mp_stk                                   0x20000298   Data        2216  rtx_config.o(.bss)
    os_fifo                                  0x20000b40   Data         132  rtx_config.o(.bss)
    os_active_TCB                            0x20000bc4   Data          40  rtx_config.o(.bss)
    os_idle_TCB                              0x20000bec   Data          48  rt_task.o(.bss)
    os_rdy                                   0x20000c1c   Data          24  rt_list.o(.bss)
    os_dly                                   0x20000c34   Data          24  rt_list.o(.bss)
    __initial_sp                             0x20001050   Data           0  startup_stm32f10x_md.o(STACK)



==============================================================================

Memory Map of the image

  Image Entry point : 0x080000ed

  Load Region LR_IROM1 (Base: 0x08000000, Size: 0x000023e0, Max: 0x00020000, ABSOLUTE)

    Execution Region ER_IROM1 (Base: 0x08000000, Size: 0x0000233c, Max: 0x00020000, ABSOLUTE)

    Base Addr    Size         Type   Attr      Idx    E Section Name        Object

    0x08000000   0x000000ec   Data   RO            3    RESET               startup_stm32f10x_md.o
    0x080000ec   0x00000000   Code   RO         1016  * .ARM.Collect$$$$00000000  mc_w.l(entry.o)
    0x080000ec   0x00000004   Code   RO         1019    .ARM.Collect$$$$00000001  mc_w.l(entry2.o)
    0x080000f0   0x00000004   Code   RO         1022    .ARM.Collect$$$$00000004  mc_w.l(entry5.o)
    0x080000f4   0x00000000   Code   RO         1024    .ARM.Collect$$$$00000008  mc_w.l(entry7b.o)
    0x080000f4   0x00000008   Code   RO         1025    .ARM.Collect$$$$00000009  mc_w.l(entry8.o)
    0x080000fc   0x00000004   Code   RO         1020    .ARM.Collect$$$$00002712  mc_w.l(entry2.o)
    0x08000100   0x00000154   Code   RO          643    .emb_text           RTX_CM3.LIB(hal_cm3.o)
    0x08000254   0x00000024   Code   RO            4    .text               startup_stm32f10x_md.o
    0x08000278   0x000001c8   Code   RO           12    .text               system_stm32f10x.o
    0x08000440   0x0000007c   Code   RO           91    .text               stm32f10x_it.o
    0x080004bc   0x000002b4   Code   RO          125    .text               blinky.o
    0x08000770   0x0000011c   Code   RO          175    .text               stm32f10x_exti.o
    0x0800088c   0x00000358   Code   RO          195    .text               stm32f10x_gpio.o
    0x08000be4   0x0000039c   Code   RO          215    .text               stm32f10x_rcc.o
    0x08000f80   0x00000408   Code   RO          237    .text               stm32f10x_usart.o
    0x08001388   0x000000dc   Code   RO          257    .text               misc.o
    0x08001464   0x000000a8   Code   RO          277    .text               exti_pins_configuration.o
    0x0800150c   0x000000a8   Code   RO          303    .text               brakingcontroller.o
    0x080015b4   0x00000094   Code   RO          323    .text               enginecontroller.o
    0x08001648   0x0000003c   Code   RO          343    .text               levercontroller.o
    0x08001684   0x00000018   Code   RO          363    .text               stopsignalcontroller.o
    0x0800169c   0x00000008   Code   RO          386    .text               emergencysignalcontroller.o
    0x080016a4   0x000000d8   Code   RO          406    .text               commmessagereceivercontroller.o
    0x0800177c   0x00000098   Code   RO          426    .text               commmessagesendercontroller.o
    0x08001814   0x00000040   Code   RO          444    .text               rtx_config.o
    0x08001854   0x00000024   Code   RO         1026    .text               mc_w.l(init.o)
    0x08001878   0x00000004   Code   RO          902    SVC_TABLE           RTX_CM3.LIB(SVC_Table.o)
    0x0800187c   0x0000000e   Code   RO         1030    i.__scatterload_copy  mc_w.l(handlers.o)
    0x0800188a   0x00000002   Code   RO         1031    i.__scatterload_null  mc_w.l(handlers.o)
    0x0800188c   0x0000000e   Code   RO         1032    i.__scatterload_zeroinit  mc_w.l(handlers.o)
    0x0800189a   0x00000046   Code   RO          869    i._init_box         RTX_CM3.LIB(rt_membox.o)
    0x080018e0   0x00000030   Code   RO          644    i.dbg_init          RTX_CM3.LIB(hal_cm3.o)
    0x08001910   0x00000020   Code   RO          645    i.dbg_task_notify   RTX_CM3.LIB(hal_cm3.o)
    0x08001930   0x00000010   Code   RO          646    i.dbg_task_switch   RTX_CM3.LIB(hal_cm3.o)
    0x08001940   0x00000028   Code   RO          564    i.isr_evt_set       RTX_CM3.LIB(rt_event.o)
    0x08001968   0x00000028   Code   RO          685    i.os_tick_init      RTX_CM3.LIB(rt_system.o)
    0x08001990   0x00000002   Code   RO          686    i.os_tick_irqack    RTX_CM3.LIB(rt_system.o)
    0x08001992   0x0000001a   Code   RO          870    i.rt_alloc_box      RTX_CM3.LIB(rt_membox.o)
    0x080019ac   0x00000038   Code   RO          465    i.rt_block          RTX_CM3.LIB(rt_task.o)
    0x080019e4   0x00000048   Code   RO          847    i.rt_chk_robin      RTX_CM3.LIB(rt_robin.o)
    0x08001a2c   0x00000074   Code   RO          768    i.rt_dec_dly        RTX_CM3.LIB(rt_list.o)
    0x08001aa0   0x00000044   Code   RO          466    i.rt_dispatch       RTX_CM3.LIB(rt_task.o)
    0x08001ae4   0x0000004c   Code   RO          567    i.rt_evt_psh        RTX_CM3.LIB(rt_event.o)
    0x08001b30   0x00000040   Code   RO          569    i.rt_evt_wait       RTX_CM3.LIB(rt_event.o)
    0x08001b70   0x00000020   Code   RO          871    i.rt_free_box       RTX_CM3.LIB(rt_membox.o)
    0x08001b90   0x00000028   Code   RO          769    i.rt_get_first      RTX_CM3.LIB(rt_list.o)
    0x08001bb8   0x00000044   Code   RO          467    i.rt_init_context   RTX_CM3.LIB(rt_task.o)
    0x08001bfc   0x00000018   Code   RO          848    i.rt_init_robin     RTX_CM3.LIB(rt_robin.o)
    0x08001c14   0x00000050   Code   RO          647    i.rt_init_stack     RTX_CM3.LIB(hal_cm3.o)
    0x08001c64   0x00000018   Code   RO          611    i.rt_itv_set        RTX_CM3.LIB(rt_time.o)
    0x08001c7c   0x0000002c   Code   RO          612    i.rt_itv_wait       RTX_CM3.LIB(rt_time.o)
    0x08001ca8   0x000000c0   Code   RO          909    i.rt_mbx_psh        RTX_CM3.LIB(rt_mailbox.o)
    0x08001d68   0x00000078   Code   RO          687    i.rt_pop_req        RTX_CM3.LIB(rt_system.o)
    0x08001de0   0x00000020   Code   RO          688    i.rt_psh_req        RTX_CM3.LIB(rt_system.o)
    0x08001e00   0x00000058   Code   RO          771    i.rt_psq_enq        RTX_CM3.LIB(rt_list.o)
    0x08001e58   0x00000048   Code   RO          772    i.rt_put_dly        RTX_CM3.LIB(rt_list.o)
    0x08001ea0   0x00000036   Code   RO          773    i.rt_put_prio       RTX_CM3.LIB(rt_list.o)
    0x08001ed6   0x00000002   PAD
    0x08001ed8   0x00000014   Code   RO          774    i.rt_put_rdy_first  RTX_CM3.LIB(rt_list.o)
    0x08001eec   0x00000028   Code   RO          776    i.rt_rmv_dly        RTX_CM3.LIB(rt_list.o)
    0x08001f14   0x00000030   Code   RO          777    i.rt_rmv_list       RTX_CM3.LIB(rt_list.o)
    0x08001f44   0x00000034   Code   RO          955    i.rt_sem_psh        RTX_CM3.LIB(rt_semaphore.o)
    0x08001f78   0x00000024   Code   RO          690    i.rt_stk_check      RTX_CM3.LIB(rt_system.o)
    0x08001f9c   0x00000028   Code   RO          468    i.rt_switch_req     RTX_CM3.LIB(rt_task.o)
    0x08001fc4   0x00000158   Code   RO          469    i.rt_sys_init       RTX_CM3.LIB(rt_task.o)
    0x0800211c   0x0000003c   Code   RO          692    i.rt_systick        RTX_CM3.LIB(rt_system.o)
    0x08002158   0x0000000c   Code   RO          613    i.rt_time_get       RTX_CM3.LIB(rt_time.o)
    0x08002164   0x00000040   Code   RO          991    i.rt_tmr_tick       RTX_CM3.LIB(rt_timer.o)
    0x080021a4   0x00000094   Code   RO          470    i.rt_tsk_create     RTX_CM3.LIB(rt_task.o)
    0x08002238   0x000000bc   Code   RO          471    i.rt_tsk_delete     RTX_CM3.LIB(rt_task.o)
    0x080022f4   0x00000028   Data   RO          446    .constdata          rtx_config.o
    0x0800231c   0x00000020   Data   RO         1028    Region$$Table       anon$$obj.o


    Execution Region RW_IRAM1 (Base: 0x20000000, Size: 0x00001050, Max: 0x00005000, ABSOLUTE)

    Base Addr    Size         Type   Attr      Idx    E Section Name        Object

    0x20000000   0x00000014   Data   RW           13    .data               system_stm32f10x.o
    0x20000014   0x00000035   Data   RW          126    .data               blinky.o
    0x20000049   0x00000014   Data   RW          216    .data               stm32f10x_rcc.o
    0x2000005d   0x00000003   PAD
    0x20000060   0x00000018   Data   RW          278    .data               exti_pins_configuration.o
    0x20000078   0x00000004   Data   RW          447    .data               rtx_config.o
    0x2000007c   0x00000008   Data   RW          476    .data               RTX_CM3.LIB(rt_task.o)
    0x20000084   0x00000004   Data   RW          614    .data               RTX_CM3.LIB(rt_time.o)
    0x20000088   0x00000001   Data   RW          648    .data               RTX_CM3.LIB(hal_cm3.o)
    0x20000089   0x00000003   PAD
    0x2000008c   0x00000008   Data   RW          695    .data               RTX_CM3.LIB(rt_system.o)
    0x20000094   0x00000008   Data   RW          849    .data               RTX_CM3.LIB(rt_robin.o)
    0x2000009c   0x00000008   Data   RW          992    .data               RTX_CM3.LIB(rt_timer.o)
    0x200000a4   0x00000004   PAD
    0x200000a8   0x00000b44   Zero   RW          445    .bss                rtx_config.o
    0x20000bec   0x00000030   Zero   RW          475    .bss                RTX_CM3.LIB(rt_task.o)
    0x20000c1c   0x00000030   Zero   RW          778    .bss                RTX_CM3.LIB(rt_list.o)
    0x20000c4c   0x00000004   PAD
    0x20000c50   0x00000400   Zero   RW            1    STACK               startup_stm32f10x_md.o


==============================================================================

Image component sizes


      Code (inc. data)   RO Data    RW Data    ZI Data      Debug   Object Name

       692         84          0         53          0       2027   blinky.o
       168         10          0          0          0       1021   brakingcontroller.o
       216         10          0          0          0       1277   commmessagereceivercontroller.o
       152          8          0          0          0        783   commmessagesendercontroller.o
         8          0          0          0          0        460   emergencysignalcontroller.o
       148         10          0          0          0        856   enginecontroller.o
       168          8          0         24          0       1698   exti_pins_configuration.o
        60         14          0          0          0        726   levercontroller.o
       220         20          0          0          0       1797   misc.o
        64         26         40          4       2884       1864   rtx_config.o
        36          8        236          0       1024        772   startup_stm32f10x_md.o
       284         10          0          0          0       2227   stm32f10x_exti.o
       856         40          0          0          0       5637   stm32f10x_gpio.o
       124         34          0          0          0       7486   stm32f10x_it.o
       924         44          0         20          0       8784   stm32f10x_rcc.o
      1032         22          0          0          0       8368   stm32f10x_usart.o
        24          6          0          0          0        639   stopsignalcontroller.o
       456         36          0         20          0     234751   system_stm32f10x.o

    ----------------------------------------------------------------------
      5632        390        308        124       3908     281173   Object Totals
         0          0         32          0          0          0   (incl. Generated)
         0          0          0          3          0          0   (incl. Padding)

    ----------------------------------------------------------------------

      Code (inc. data)   RO Data    RW Data    ZI Data      Debug   Library Member Name

         4          4          0          0          0        136   SVC_Table.o
       516         56          0          1          0       2465   hal_cm3.o
       180         16          0          0          0       1601   rt_event.o
       478         30          0          0         48       6328   rt_list.o
       192          4          0          0          0        605   rt_mailbox.o
       128          0          0          0          0       1489   rt_membox.o
        96         22          0          8          0        962   rt_robin.o
        52          6          0          0          0        453   rt_semaphore.o
       290         52          0          8          0       3331   rt_system.o
       912        156          0          8         48       6282   rt_task.o
        80         24          0          4          0       1299   rt_time.o
        64          8          0          8          0        583   rt_timer.o
         0          0          0          0          0          0   entry.o
         8          4          0          0          0          0   entry2.o
         4          0          0          0          0          0   entry5.o
         0          0          0          0          0          0   entry7b.o
         8          4          0          0          0          0   entry8.o
        30          0          0          0          0          0   handlers.o
        36          8          0          0          0         68   init.o

    ----------------------------------------------------------------------
      3080        394          0         40        104      25602   Library Totals
         2          0          0          3          8          0   (incl. Padding)

    ----------------------------------------------------------------------

      Code (inc. data)   RO Data    RW Data    ZI Data      Debug   Library Name

      2992        378          0         37         96      25534   RTX_CM3.LIB
        86         16          0          0          0         68   mc_w.l

    ----------------------------------------------------------------------
      3080        394          0         40        104      25602   Library Totals

    ----------------------------------------------------------------------

==============================================================================


      Code (inc. data)   RO Data    RW Data    ZI Data      Debug   

      8712        784        308        164       4012     303499   Grand Totals
      8712        784        308        164       4012     303499   ELF Image Totals
      8712        784        308        164          0          0   ROM Totals

==============================================================================

    Total RO  Size (Code + RO Data)                 9020 (   8.81kB)
    Total RW  Size (RW Data + ZI Data)              4176 (   4.08kB)
    Total ROM Size (Code + RO Data + RW Data)       9184 (   8.97kB)

==============================================================================

